Archive member included to satisfy reference by file (symbol)

c:/st/stm32cubeide_1.8.0/stm32cubeide/plugins/com.st.stm32cube.ide.mcu.externaltools.gnu-tools-for-stm32.10.3-2021.10.win32_1.0.0.202111181127/tools/bin/../lib/gcc/arm-none-eabi/10.3.1/../../../../arm-none-eabi/lib/thumb/v7e-m+fp/hard\libc_nano.a(lib_a-errno.o)
                              ./Core/Src/syscalls.o (__errno)
c:/st/stm32cubeide_1.8.0/stm32cubeide/plugins/com.st.stm32cube.ide.mcu.externaltools.gnu-tools-for-stm32.10.3-2021.10.win32_1.0.0.202111181127/tools/bin/../lib/gcc/arm-none-eabi/10.3.1/../../../../arm-none-eabi/lib/thumb/v7e-m+fp/hard\libc_nano.a(lib_a-exit.o)
                              c:/st/stm32cubeide_1.8.0/stm32cubeide/plugins/com.st.stm32cube.ide.mcu.externaltools.gnu-tools-for-stm32.10.3-2021.10.win32_1.0.0.202111181127/tools/bin/../lib/gcc/arm-none-eabi/10.3.1/../../../../arm-none-eabi/lib/thumb/v7e-m+fp/hard/crt0.o (exit)
c:/st/stm32cubeide_1.8.0/stm32cubeide/plugins/com.st.stm32cube.ide.mcu.externaltools.gnu-tools-for-stm32.10.3-2021.10.win32_1.0.0.202111181127/tools/bin/../lib/gcc/arm-none-eabi/10.3.1/../../../../arm-none-eabi/lib/thumb/v7e-m+fp/hard\libc_nano.a(lib_a-impure.o)
                              c:/st/stm32cubeide_1.8.0/stm32cubeide/plugins/com.st.stm32cube.ide.mcu.externaltools.gnu-tools-for-stm32.10.3-2021.10.win32_1.0.0.202111181127/tools/bin/../lib/gcc/arm-none-eabi/10.3.1/../../../../arm-none-eabi/lib/thumb/v7e-m+fp/hard\libc_nano.a(lib_a-exit.o) (_global_impure_ptr)
c:/st/stm32cubeide_1.8.0/stm32cubeide/plugins/com.st.stm32cube.ide.mcu.externaltools.gnu-tools-for-stm32.10.3-2021.10.win32_1.0.0.202111181127/tools/bin/../lib/gcc/arm-none-eabi/10.3.1/../../../../arm-none-eabi/lib/thumb/v7e-m+fp/hard\libc_nano.a(lib_a-init.o)
                              c:/st/stm32cubeide_1.8.0/stm32cubeide/plugins/com.st.stm32cube.ide.mcu.externaltools.gnu-tools-for-stm32.10.3-2021.10.win32_1.0.0.202111181127/tools/bin/../lib/gcc/arm-none-eabi/10.3.1/../../../../arm-none-eabi/lib/thumb/v7e-m+fp/hard/crt0.o (__libc_init_array)
c:/st/stm32cubeide_1.8.0/stm32cubeide/plugins/com.st.stm32cube.ide.mcu.externaltools.gnu-tools-for-stm32.10.3-2021.10.win32_1.0.0.202111181127/tools/bin/../lib/gcc/arm-none-eabi/10.3.1/../../../../arm-none-eabi/lib/thumb/v7e-m+fp/hard\libc_nano.a(lib_a-memset.o)
                              c:/st/stm32cubeide_1.8.0/stm32cubeide/plugins/com.st.stm32cube.ide.mcu.externaltools.gnu-tools-for-stm32.10.3-2021.10.win32_1.0.0.202111181127/tools/bin/../lib/gcc/arm-none-eabi/10.3.1/../../../../arm-none-eabi/lib/thumb/v7e-m+fp/hard/crt0.o (memset)
c:/st/stm32cubeide_1.8.0/stm32cubeide/plugins/com.st.stm32cube.ide.mcu.externaltools.gnu-tools-for-stm32.10.3-2021.10.win32_1.0.0.202111181127/tools/bin/../lib/gcc/arm-none-eabi/10.3.1/../../../../arm-none-eabi/lib/thumb/v7e-m+fp/hard\libc_nano.a(lib_a-nano-vfprintf_float.o)
                              (_printf_float)
c:/st/stm32cubeide_1.8.0/stm32cubeide/plugins/com.st.stm32cube.ide.mcu.externaltools.gnu-tools-for-stm32.10.3-2021.10.win32_1.0.0.202111181127/tools/bin/../lib/gcc/arm-none-eabi/10.3.1/../../../../arm-none-eabi/lib/thumb/v7e-m+fp/hard\libc_nano.a(lib_a-nano-vfprintf_i.o)
                              c:/st/stm32cubeide_1.8.0/stm32cubeide/plugins/com.st.stm32cube.ide.mcu.externaltools.gnu-tools-for-stm32.10.3-2021.10.win32_1.0.0.202111181127/tools/bin/../lib/gcc/arm-none-eabi/10.3.1/../../../../arm-none-eabi/lib/thumb/v7e-m+fp/hard\libc_nano.a(lib_a-nano-vfprintf_float.o) (_printf_common)
c:/st/stm32cubeide_1.8.0/stm32cubeide/plugins/com.st.stm32cube.ide.mcu.externaltools.gnu-tools-for-stm32.10.3-2021.10.win32_1.0.0.202111181127/tools/bin/../lib/gcc/arm-none-eabi/10.3.1/../../../../arm-none-eabi/lib/thumb/v7e-m+fp/hard\libc_nano.a(lib_a-nano-vfscanf_float.o)
                              (_scanf_float)
c:/st/stm32cubeide_1.8.0/stm32cubeide/plugins/com.st.stm32cube.ide.mcu.externaltools.gnu-tools-for-stm32.10.3-2021.10.win32_1.0.0.202111181127/tools/bin/../lib/gcc/arm-none-eabi/10.3.1/../../../../arm-none-eabi/lib/thumb/v7e-m+fp/hard\libc_nano.a(lib_a-printf.o)
                              ./Core/Src/ADXL345.o (printf)
c:/st/stm32cubeide_1.8.0/stm32cubeide/plugins/com.st.stm32cube.ide.mcu.externaltools.gnu-tools-for-stm32.10.3-2021.10.win32_1.0.0.202111181127/tools/bin/../lib/gcc/arm-none-eabi/10.3.1/../../../../arm-none-eabi/lib/thumb/v7e-m+fp/hard\libc_nano.a(lib_a-puts.o)
                              ./Core/Src/ADXL345.o (puts)
c:/st/stm32cubeide_1.8.0/stm32cubeide/plugins/com.st.stm32cube.ide.mcu.externaltools.gnu-tools-for-stm32.10.3-2021.10.win32_1.0.0.202111181127/tools/bin/../lib/gcc/arm-none-eabi/10.3.1/../../../../arm-none-eabi/lib/thumb/v7e-m+fp/hard\libc_nano.a(lib_a-sf_nan.o)
[...]
Memory Configuration

Name             Origin             Length             Attributes
CCMRAM           0x0000000010000000 0x0000000000010000 xrw
RAM              0x0000000020000000 0x0000000000030000 xrw
FLASH            0x0000000008000000 0x0000000000200000 xr
*default*        0x0000000000000000 0xffffffffffffffff

Linker script and memory map

LOAD c:/st/stm32cubeide_1.8.0/stm32cubeide/plugins/com.st.stm32cube.ide.mcu.externaltools.gnu-tools-for-stm32.10.3-2021.10.win32_1.0.0.202111181127/tools/bin/../lib/gcc/arm-none-eabi/10.3.1/thumb/v7e-m+fp/hard/crti.o
LOAD c:/st/stm32cubeide_1.8.0/stm32cubeide/plugins/com.st.stm32cube.ide.mcu.externaltools.gnu-tools-for-stm32.10.3-2021.10.win32_1.0.0.202111181127/tools/bin/../lib/gcc/arm-none-eabi/10.3.1/thumb/v7e-m+fp/hard/crtbegin.o
LOAD c:/st/stm32cubeide_1.8.0/stm32cubeide/plugins/com.st.stm32cube.ide.mcu.externaltools.gnu-tools-for-stm32.10.3-2021.10.win32_1.0.0.202111181127/tools/bin/../lib/gcc/arm-none-eabi/10.3.1/../../../../arm-none-eabi/lib/thumb/v7e-m+fp/hard/crt0.o
LOAD ./Core/Src/ADXL345.o
LOAD ./Core/Src/GY521.o
LOAD ./Core/Src/HMC5883L.o
LOAD ./Core/Src/HW579.o
LOAD ./Core/Src/ITG3205.o
LOAD ./Core/Src/gpio.o
LOAD ./Core/Src/i2c.o
LOAD ./Core/Src/main.o
LOAD ./Core/Src/stm32f4xx_hal_msp.o
LOAD ./Core/Src/stm32f4xx_it.o
LOAD ./Core/Src/syscalls.o
LOAD ./Core/Src/sysmem.o
LOAD ./Core/Src/system_stm32f4xx.o
LOAD ./Core/Src/tim.o
LOAD ./Core/Src/usart.o
LOAD ./Core/Startup/startup_stm32f429zitx.o
LOAD ./Drivers/STM32F4xx_HAL_Driver/Src/stm32f4xx_hal.o
LOAD ./Drivers/STM32F4xx_HAL_Driver/Src/stm32f4xx_hal_cortex.o
LOAD ./Drivers/STM32F4xx_HAL_Driver/Src/stm32f4xx_hal_dma.o
LOAD ./Drivers/STM32F4xx_HAL_Driver/Src/stm32f4xx_hal_dma_ex.o
LOAD ./Drivers/STM32F4xx_HAL_Driver/Src/stm32f4xx_hal_exti.o
LOAD ./Drivers/STM32F4xx_HAL_Driver/Src/stm32f4xx_hal_flash.o
LOAD ./Drivers/STM32F4xx_HAL_Driver/Src/stm32f4xx_hal_flash_ex.o
LOAD ./Drivers/STM32F4xx_HAL_Driver/Src/stm32f4xx_hal_flash_ramfunc.o
LOAD ./Drivers/STM32F4xx_HAL_Driver/Src/stm32f4xx_hal_gpio.o
LOAD ./Drivers/STM32F4xx_HAL_Driver/Src/stm32f4xx_hal_pwr.o
LOAD ./Drivers/STM32F4xx_HAL_Driver/Src/stm32f4xx_hal_pwr_ex.o
LOAD ./Drivers/STM32F4xx_HAL_Driver/Src/stm32f4xx_hal_rcc.o
LOAD ./Drivers/STM32F4xx_HAL_Driver/Src/stm32f4xx_hal_rcc_ex.o
LOAD ./Drivers/STM32F4xx_HAL_Driver/Src/stm32f4xx_hal_tim.o
LOAD ./Drivers/STM32F4xx_HAL_Driver/Src/stm32f4xx_hal_tim_ex.o
LOAD ./Drivers/STM32F4xx_HAL_Driver/Src/stm32f4xx_ll_dma.o
LOAD ./Drivers/STM32F4xx_HAL_Driver/Src/stm32f4xx_ll_exti.o
LOAD ./Drivers/STM32F4xx_HAL_Driver/Src/stm32f4xx_ll_gpio.o
LOAD ./Drivers/STM32F4xx_HAL_Driver/Src/stm32f4xx_ll_i2c.o
LOAD ./Drivers/STM32F4xx_HAL_Driver/Src/stm32f4xx_ll_rcc.o
LOAD ./Drivers/STM32F4xx_HAL_Driver/Src/stm32f4xx_ll_tim.o
LOAD ./Drivers/STM32F4xx_HAL_Driver/Src/stm32f4xx_ll_usart.o
LOAD ./Drivers/STM32F4xx_HAL_Driver/Src/stm32f4xx_ll_utils.o
START GROUP
LOAD c:/st/stm32cubeide_1.8.0/stm32cubeide/plugins/com.st.stm32cube.ide.mcu.externaltools.gnu-tools-for-stm32.10.3-2021.10.win32_1.0.0.202111181127/tools/bin/../lib/gcc/arm-none-eabi/10.3.1/../../../../arm-none-eabi/lib/thumb/v7e-m+fp/hard\libc_nano.a
LOAD c:/st/stm32cubeide_1.8.0/stm32cubeide/plugins/com.st.stm32cube.ide.mcu.externaltools.gnu-tools-for-stm32.10.3-2021.10.win32_1.0.0.202111181127/tools/bin/../lib/gcc/arm-none-eabi/10.3.1/../../../../arm-none-eabi/lib/thumb/v7e-m+fp/hard\libm.a
END GROUP
START GROUP
LOAD c:/st/stm32cubeide_1.8.0/stm32cubeide/plugins/com.st.stm32cube.ide.mcu.externaltools.gnu-tools-for-stm32.10.3-2021.10.win32_1.0.0.202111181127/tools/bin/../lib/gcc/arm-none-eabi/10.3.1/thumb/v7e-m+fp/hard\libgcc.a
LOAD c:/st/stm32cubeide_1.8.0/stm32cubeide/plugins/com.st.stm32cube.ide.mcu.externaltools.gnu-tools-for-stm32.10.3-2021.10.win32_1.0.0.202111181127/tools/bin/../lib/gcc/arm-none-eabi/10.3.1/../../../../arm-none-eabi/lib/thumb/v7e-m+fp/hard\libc_nano.a
END GROUP
START GROUP
LOAD c:/st/stm32cubeide_1.8.0/stm32cubeide/plugins/com.st.stm32cube.ide.mcu.externaltools.gnu-tools-for-stm32.10.3-2021.10.win32_1.0.0.202111181127/tools/bin/../lib/gcc/arm-none-eabi/10.3.1/thumb/v7e-m+fp/hard\libgcc.a
LOAD c:/st/stm32cubeide_1.8.0/stm32cubeide/plugins/com.st.stm32cube.ide.mcu.externaltools.gnu-tools-for-stm32.10.3-2021.10.win32_1.0.0.202111181127/tools/bin/../lib/gcc/arm-none-eabi/10.3.1/../../../../arm-none-eabi/lib/thumb/v7e-m+fp/hard\libc_nano.a
LOAD c:/st/stm32cubeide_1.8.0/stm32cubeide/plugins/com.st.stm32cube.ide.mcu.externaltools.gnu-tools-for-stm32.10.3-2021.10.win32_1.0.0.202111181127/tools/bin/../lib/gcc/arm-none-eabi/10.3.1/../../../../arm-none-eabi/lib/thumb/v7e-m+fp/hard\libnosys.a
END GROUP
START GROUP
LOAD c:/st/stm32cubeide_1.8.0/stm32cubeide/plugins/com.st.stm32cube.ide.mcu.externaltools.gnu-tools-for-stm32.10.3-2021.10.win32_1.0.0.202111181127/tools/bin/../lib/gcc/arm-none-eabi/10.3.1/thumb/v7e-m+fp/hard\libgcc.a
LOAD c:/st/stm32cubeide_1.8.0/stm32cubeide/plugins/com.st.stm32cube.ide.mcu.externaltools.gnu-tools-for-stm32.10.3-2021.10.win32_1.0.0.202111181127/tools/bin/../lib/gcc/arm-none-eabi/10.3.1/../../../../arm-none-eabi/lib/thumb/v7e-m+fp/hard\libc_nano.a
LOAD c:/st/stm32cubeide_1.8.0/stm32cubeide/plugins/com.st.stm32cube.ide.mcu.externaltools.gnu-tools-for-stm32.10.3-2021.10.win32_1.0.0.202111181127/tools/bin/../lib/gcc/arm-none-eabi/10.3.1/../../../../arm-none-eabi/lib/thumb/v7e-m+fp/hard\libnosys.a
END GROUP
LOAD c:/st/stm32cubeide_1.8.0/stm32cubeide/plugins/com.st.stm32cube.ide.mcu.externaltools.gnu-tools-for-stm32.10.3-2021.10.win32_1.0.0.202111181127/tools/bin/../lib/gcc/arm-none-eabi/10.3.1/thumb/v7e-m+fp/hard/crtend.o
LOAD c:/st/stm32cubeide_1.8.0/stm32cubeide/plugins/com.st.stm32cube.ide.mcu.externaltools.gnu-tools-for-stm32.10.3-2021.10.win32_1.0.0.202111181127/tools/bin/../lib/gcc/arm-none-eabi/10.3.1/thumb/v7e-m+fp/hard/crtn.o
                0x0000000020030000                _estack = (ORIGIN (RAM) + LENGTH (RAM))
                0x0000000000000200                _Min_Heap_Size = 0x200
                0x0000000000000400                _Min_Stack_Size = 0x400

.isr_vector     0x0000000008000000      0x1ac
                0x0000000008000000                . = ALIGN (0x4)
 *(.isr_vector)
 .isr_vector    0x0000000008000000      0x1ac ./Core/Startup/startup_stm32f429zitx.o
                0x0000000008000000                g_pfnVectors
                0x00000000080001ac                . = ALIGN (0x4)

.text           0x00000000080001b0     0x99c4
                0x00000000080001b0                . = ALIGN (0x4)
 *(.text)
 .text          0x00000000080001b0       0x40 c:/st/stm32cubeide_1.8.0/stm32cubeide/plugins/com.st.stm32cube.ide.mcu.externaltools.gnu-tools-for-stm32.10.3-2021.10.win32_1.0.0.202111181127/tools/bin/../lib/gcc/arm-none-eabi/10.3.1/thumb/v7e-m+fp/hard/crtbegin.o
 .text          0x00000000080001f0       0x10 c:/st/stm32cubeide_1.8.0/stm32cubeide/plugins/com.st.stm32cube.ide.mcu.externaltools.gnu-tools-for-stm32.10.3-2021.10.win32_1.0.0.202111181127/tools/bin/../lib/gcc/arm-none-eabi/10.3.1/../../../../arm-none-eabi/lib/thumb/v7e-m+fp/hard\libc_nano.a(lib_a-strlen.o)
                0x00000000080001f0                strlen
 .text          0x0000000008000200       0xa0 c:/st/stm32cubeide_1.8.0/stm32cubeide/plugins/com.st.stm32cube.ide.mcu.externaltools.gnu-tools-for-stm32.10.3-2021.10.win32_1.0.0.202111181127/tools/bin/../lib/gcc/arm-none-eabi/10.3.1/../../../../arm-none-eabi/lib/thumb/v7e-m+fp/hard\libc_nano.a(lib_a-memchr.o)
                0x0000000008000200                memchr
 .text          0x00000000080002a0      0x378 c:/st/stm32cubeide_1.8.0/stm32cubeide/plugins/com.st.stm32cube.ide.mcu.externaltools.gnu-tools-for-stm32.10.3-2021.10.win32_1.0.0.202111181127/tools/bin/../lib/gcc/arm-none-eabi/10.3.1/thumb/v7e-m+fp/hard\libgcc.a(_arm_addsubdf3.o)
                0x00000000080002a0                __aeabi_drsub
                0x00000000080002a8                __aeabi_dsub
                0x00000000080002a8                __subdf3
                0x00000000080002ac                __aeabi_dadd
                0x00000000080002ac                __adddf3
                0x0000000008000524                __floatunsidf
                0x0000000008000524                __aeabi_ui2d
                0x0000000008000544                __floatsidf
                0x0000000008000544                __aeabi_i2d
                0x0000000008000568                __aeabi_f2d
                0x0000000008000568                __extendsfdf2
                0x00000000080005ac                __floatundidf
                0x00000000080005ac                __aeabi_ul2d
                0x00000000080005bc                __floatdidf
                0x00000000080005bc                __aeabi_l2d
 .text          0x0000000008000618      0x424 c:/st/stm32cubeide_1.8.0/stm32cubeide/plugins/com.st.stm32cube.ide.mcu.externaltools.gnu-tools-for-stm32.10.3-2021.10.win32_1.0.0.202111181127/tools/bin/../lib/gcc/arm-none-eabi/10.3.1/thumb/v7e-m+fp/hard\libgcc.a(_arm_muldivdf3.o)
                0x0000000008000618                __aeabi_dmul
                0x0000000008000618                __muldf3
                0x000000000800086c                __divdf3
                0x000000000800086c                __aeabi_ddiv
 .text          0x0000000008000a3c      0x110 c:/st/stm32cubeide_1.8.0/stm32cubeide/plugins/com.st.stm32cube.ide.mcu.externaltools.gnu-tools-for-stm32.10.3-2021.10.win32_1.0.0.202111181127/tools/bin/../lib/gcc/arm-none-eabi/10.3.1/thumb/v7e-m+fp/hard\libgcc.a(_arm_cmpdf2.o)
                0x0000000008000a3c                __gtdf2
                0x0000000008000a3c                __gedf2
                0x0000000008000a44                __ltdf2
                0x0000000008000a44                __ledf2
                0x0000000008000a4c                __nedf2
                0x0000000008000a4c                __eqdf2
                0x0000000008000a4c                __cmpdf2
                0x0000000008000ac8                __aeabi_cdrcmple
                0x0000000008000ad8                __aeabi_cdcmpeq
                0x0000000008000ad8                __aeabi_cdcmple
                0x0000000008000ae8                __aeabi_dcmpeq
                0x0000000008000afc                __aeabi_dcmplt
                0x0000000008000b10                __aeabi_dcmple
                0x0000000008000b24                __aeabi_dcmpge
                0x0000000008000b38                __aeabi_dcmpgt
 .text          0x0000000008000b4c       0x2c c:/st/stm32cubeide_1.8.0/stm32cubeide/plugins/com.st.stm32cube.ide.mcu.externaltools.gnu-tools-for-stm32.10.3-2021.10.win32_1.0.0.202111181127/tools/bin/../lib/gcc/arm-none-eabi/10.3.1/thumb/v7e-m+fp/hard\libgcc.a(_arm_unorddf2.o)
                0x0000000008000b4c                __unorddf2
                0x0000000008000b4c                __aeabi_dcmpun
 .text          0x0000000008000b78       0x50 c:/st/stm32cubeide_1.8.0/stm32cubeide/plugins/com.st.stm32cube.ide.mcu.externaltools.gnu-tools-for-stm32.10.3-2021.10.win32_1.0.0.202111181127/tools/bin/../lib/gcc/arm-none-eabi/10.3.1/thumb/v7e-m+fp/hard\libgcc.a(_arm_fixdfsi.o)
                0x0000000008000b78                __aeabi_d2iz
                0x0000000008000b78                __fixdfsi
 .text          0x0000000008000bc8       0x40 c:/st/stm32cubeide_1.8.0/stm32cubeide/plugins/com.st.stm32cube.ide.mcu.externaltools.gnu-tools-for-stm32.10.3-2021.10.win32_1.0.0.202111181127/tools/bin/../lib/gcc/arm-none-eabi/10.3.1/thumb/v7e-m+fp/hard\libgcc.a(_arm_fixunsdfsi.o)
                0x0000000008000bc8                __aeabi_d2uiz
                0x0000000008000bc8                __fixunsdfsi
 .text          0x0000000008000c08       0xa0 c:/st/stm32cubeide_1.8.0/stm32cubeide/plugins/com.st.stm32cube.ide.mcu.externaltools.gnu-tools-for-stm32.10.3-2021.10.win32_1.0.0.202111181127/tools/bin/../lib/gcc/arm-none-eabi/10.3.1/thumb/v7e-m+fp/hard\libgcc.a(_arm_truncdfsf2.o)
                0x0000000008000c08                __truncdfsf2
                0x0000000008000c08                __aeabi_d2f
 .text          0x0000000008000ca8       0x30 c:/st/stm32cubeide_1.8.0/stm32cubeide/plugins/com.st.stm32cube.ide.mcu.externaltools.gnu-tools-for-stm32.10.3-2021.10.win32_1.0.0.202111181127/tools/bin/../lib/gcc/arm-none-eabi/10.3.1/thumb/v7e-m+fp/hard\libgcc.a(_aeabi_uldivmod.o)
                0x0000000008000ca8                __aeabi_uldivmod
 .text          0x0000000008000cd8       0x30 c:/st/stm32cubeide_1.8.0/stm32cubeide/plugins/com.st.stm32cube.ide.mcu.externaltools.gnu-tools-for-stm32.10.3-2021.10.win32_1.0.0.202111181127/tools/bin/../lib/gcc/arm-none-eabi/10.3.1/thumb/v7e-m+fp/hard\libgcc.a(_fixdfdi.o)
                0x0000000008000cd8                __fixdfdi
                0x0000000008000cd8                __aeabi_d2lz
 .text          0x0000000008000d08       0x3c c:/st/stm32cubeide_1.8.0/stm32cubeide/plugins/com.st.stm32cube.ide.mcu.externaltools.gnu-tools-for-stm32.10.3-2021.10.win32_1.0.0.202111181127/tools/bin/../lib/gcc/arm-none-eabi/10.3.1/thumb/v7e-m+fp/hard\libgcc.a(_fixunsdfdi.o)
                0x0000000008000d08                __fixunsdfdi
                0x0000000008000d08                __aeabi_d2ulz
 .text          0x0000000008000d44      0x2d0 c:/st/stm32cubeide_1.8.0/stm32cubeide/plugins/com.st.stm32cube.ide.mcu.externaltools.gnu-tools-for-stm32.10.3-2021.10.win32_1.0.0.202111181127/tools/bin/../lib/gcc/arm-none-eabi/10.3.1/thumb/v7e-m+fp/hard\libgcc.a(_udivmoddi4.o)
                0x0000000008000d44                __udivmoddi4
 .text          0x0000000008001014        0x4 c:/st/stm32cubeide_1.8.0/stm32cubeide/plugins/com.st.stm32cube.ide.mcu.externaltools.gnu-tools-for-stm32.10.3-2021.10.win32_1.0.0.202111181127/tools/bin/../lib/gcc/arm-none-eabi/10.3.1/thumb/v7e-m+fp/hard\libgcc.a(_dvmd_tls.o)
                0x0000000008001014                __aeabi_idiv0
                0x0000000008001014                __aeabi_ldiv0
 *(.text*)
 .text.Accel_Writebyte
                0x0000000008001018       0x30 ./Core/Src/ADXL345.o
                0x0000000008001018                Accel_Writebyte
 .text.Accel_Init
                0x0000000008001048       0x50 ./Core/Src/ADXL345.o
                0x0000000008001048                Accel_Init
 .text.Magneto_Writebyte
                0x0000000008001098       0x30 ./Core/Src/HMC5883L.o
                0x0000000008001098                Magneto_Writebyte
 .text.Magneto_Init
                0x00000000080010c8       0x78 ./Core/Src/HMC5883L.o
                0x00000000080010c8                Magneto_Init
 .text.Read_Magneto
                0x0000000008001140       0xcc ./Core/Src/HMC5883L.o
                0x0000000008001140                Read_Magneto
 *fill*         0x000000000800120c        0x4 
 .text.SetScale
                0x0000000008001210      0x1d8 ./Core/Src/HMC5883L.o
                0x0000000008001210                SetScale
 .text.SetMeasurementMode
                0x00000000080013e8       0x56 ./Core/Src/HMC5883L.o
                0x00000000080013e8                SetMeasurementMode
 *fill*         0x000000000800143e        0x2 
 .text.HW579_Init
                0x0000000008001440       0x70 ./Core/Src/HW579.o
                0x0000000008001440                HW579_Init
 .text.getI2C_Address
                0x00000000080014b0      0x170 ./Core/Src/HW579.o
                0x00000000080014b0                getI2C_Address
 .text.Gyro_Writebyte
                0x0000000008001620       0x30 ./Core/Src/ITG3205.o
                0x0000000008001620                Gyro_Writebyte
 .text.Gyro_Init
                0x0000000008001650       0x90 ./Core/Src/ITG3205.o
                0x0000000008001650                Gyro_Init
 .text.LL_SYSCFG_SetEXTISource
                0x00000000080016e0       0x5c ./Core/Src/gpio.o
 .text.LL_GPIO_SetPinMode
                0x000000000800173c       0x5e ./Core/Src/gpio.o
 .text.LL_GPIO_SetPinPull
                0x000000000800179a       0x5e ./Core/Src/gpio.o
 .text.LL_GPIO_ResetOutputPin
                0x00000000080017f8       0x1e ./Core/Src/gpio.o
 *fill*         0x0000000008001816        0x2 
 .text.LL_AHB1_GRP1_EnableClock
                0x0000000008001818       0x30 ./Core/Src/gpio.o
 .text.MX_GPIO_Init
                0x0000000008001848      0x1e4 ./Core/Src/gpio.o
                0x0000000008001848                MX_GPIO_Init
 .text.LL_I2C_Enable
                0x0000000008001a2c       0x20 ./Core/Src/i2c.o
 .text.LL_I2C_IsEnabled
                0x0000000008001a4c       0x26 ./Core/Src/i2c.o
 .text.LL_I2C_EnableClockStretching
                0x0000000008001a72       0x20 ./Core/Src/i2c.o
 .text.LL_I2C_DisableGeneralCall
                0x0000000008001a92       0x20 ./Core/Src/i2c.o
 .text.LL_I2C_SetOwnAddress2
                0x0000000008001ab2       0x26 ./Core/Src/i2c.o
 .text.LL_I2C_DisableOwnAddress2
                0x0000000008001ad8       0x20 ./Core/Src/i2c.o
 .text.LL_I2C_DisableIT_TX
                0x0000000008001af8       0x20 ./Core/Src/i2c.o
 .text.LL_I2C_DisableIT_RX
                0x0000000008001b18       0x20 ./Core/Src/i2c.o
 .text.LL_I2C_IsActiveFlag_TXE
                0x0000000008001b38       0x26 ./Core/Src/i2c.o
 .text.LL_I2C_IsActiveFlag_BTF
                0x0000000008001b5e       0x26 ./Core/Src/i2c.o
 .text.LL_I2C_IsActiveFlag_RXNE
                0x0000000008001b84       0x26 ./Core/Src/i2c.o
 .text.LL_I2C_IsActiveFlag_SB
                0x0000000008001baa       0x26 ./Core/Src/i2c.o
 .text.LL_I2C_IsActiveFlag_ADDR
                0x0000000008001bd0       0x26 ./Core/Src/i2c.o
 .text.LL_I2C_IsActiveFlag_BUSY
                0x0000000008001bf6       0x26 ./Core/Src/i2c.o
 .text.LL_I2C_ClearFlag_ADDR
                0x0000000008001c1c       0x24 ./Core/Src/i2c.o
 .text.LL_I2C_AcknowledgeNextData
                0x0000000008001c40       0x26 ./Core/Src/i2c.o
 .text.LL_I2C_GenerateStartCondition
                0x0000000008001c66       0x20 ./Core/Src/i2c.o
 .text.LL_I2C_GenerateStopCondition
                0x0000000008001c86       0x20 ./Core/Src/i2c.o
 .text.LL_I2C_DisableBitPOS
                0x0000000008001ca6       0x20 ./Core/Src/i2c.o
 .text.LL_I2C_ReceiveData8
                0x0000000008001cc6       0x1a ./Core/Src/i2c.o
 .text.LL_I2C_TransmitData8
                0x0000000008001ce0       0x28 ./Core/Src/i2c.o
 .text.LL_AHB1_GRP1_EnableClock
                0x0000000008001d08       0x30 ./Core/Src/i2c.o
 .text.LL_APB1_GRP1_EnableClock
                0x0000000008001d38       0x30 ./Core/Src/i2c.o
 .text.MX_I2C1_Init
                0x0000000008001d68       0xb4 ./Core/Src/i2c.o
                0x0000000008001d68                MX_I2C1_Init
 .text.MX_I2C2_Init
                0x0000000008001e1c       0xb4 ./Core/Src/i2c.o
                0x0000000008001e1c                MX_I2C2_Init
 .text.I2C_Transmit
                0x0000000008001ed0      0x112 ./Core/Src/i2c.o
                0x0000000008001ed0                I2C_Transmit
 .text.I2C_Receive
                0x0000000008001fe2      0x144 ./Core/Src/i2c.o
                0x0000000008001fe2                I2C_Receive
 .text.LL_TIM_EnableCounter
                0x0000000008002126       0x20 ./Core/Src/main.o
 .text.LL_TIM_CC_EnableChannel
                0x0000000008002146       0x22 ./Core/Src/main.o
 .text.LL_TIM_CC_DisableChannel
                0x0000000008002168       0x24 ./Core/Src/main.o
 .text.LL_USART_EnableIT_RXNE
                0x000000000800218c       0x46 ./Core/Src/main.o
 .text.LL_USART_TransmitData8
                0x00000000080021d2       0x1e ./Core/Src/main.o
 .text.LL_GPIO_TogglePin
                0x00000000080021f0       0x32 ./Core/Src/main.o
 *fill*         0x0000000008002222        0x2 
 .text._write   0x0000000008002224       0x44 ./Core/Src/main.o
                0x0000000008002224                _write
 .text.main     0x0000000008002268      0x14c ./Core/Src/main.o
                0x0000000008002268                main
 .text.SystemClock_Config
                0x00000000080023b4       0xe0 ./Core/Src/main.o
                0x00000000080023b4                SystemClock_Config
 .text.Error_Handler
                0x0000000008002494        0xa ./Core/Src/main.o
                0x0000000008002494                Error_Handler
 *fill*         0x000000000800249e        0x2 
 .text.HAL_MspInit
                0x00000000080024a0       0x50 ./Core/Src/stm32f4xx_hal_msp.o
                0x00000000080024a0                HAL_MspInit
 .text.LL_USART_IsActiveFlag_RXNE
                0x00000000080024f0       0x26 ./Core/Src/stm32f4xx_it.o
 .text.LL_USART_ClearFlag_RXNE
                0x0000000008002516       0x1c ./Core/Src/stm32f4xx_it.o
 .text.LL_USART_ReceiveData8
                0x0000000008002532       0x1a ./Core/Src/stm32f4xx_it.o
 .text.NMI_Handler
                0x000000000800254c        0x6 ./Core/Src/stm32f4xx_it.o
                0x000000000800254c                NMI_Handler
 .text.HardFault_Handler
                0x0000000008002552        0x6 ./Core/Src/stm32f4xx_it.o
                0x0000000008002552                HardFault_Handler
 .text.MemManage_Handler
                0x0000000008002558        0x6 ./Core/Src/stm32f4xx_it.o
                0x0000000008002558                MemManage_Handler
 .text.BusFault_Handler
                0x000000000800255e        0x6 ./Core/Src/stm32f4xx_it.o
                0x000000000800255e                BusFault_Handler
 .text.UsageFault_Handler
                0x0000000008002564        0x6 ./Core/Src/stm32f4xx_it.o
                0x0000000008002564                UsageFault_Handler
 .text.SVC_Handler
                0x000000000800256a        0xe ./Core/Src/stm32f4xx_it.o
                0x000000000800256a                SVC_Handler
 .text.DebugMon_Handler
                0x0000000008002578        0xe ./Core/Src/stm32f4xx_it.o
                0x0000000008002578                DebugMon_Handler
 .text.PendSV_Handler
                0x0000000008002586        0xe ./Core/Src/stm32f4xx_it.o
                0x0000000008002586                PendSV_Handler
 .text.SysTick_Handler
                0x0000000008002594        0xc ./Core/Src/stm32f4xx_it.o
                0x0000000008002594                SysTick_Handler
 .text.TIM3_IRQHandler
                0x00000000080025a0        0xe ./Core/Src/stm32f4xx_it.o
                0x00000000080025a0                TIM3_IRQHandler
 *fill*         0x00000000080025ae        0x2 
 .text.USART3_IRQHandler
                0x00000000080025b0       0x3c ./Core/Src/stm32f4xx_it.o
                0x00000000080025b0                USART3_IRQHandler
 .text._getpid  0x00000000080025ec       0x10 ./Core/Src/syscalls.o
                0x00000000080025ec                _getpid
 .text._kill    0x00000000080025fc       0x20 ./Core/Src/syscalls.o
                0x00000000080025fc                _kill
 .text._exit    0x000000000800261c       0x14 ./Core/Src/syscalls.o
                0x000000000800261c                _exit
 .text._read    0x0000000008002630       0x3a ./Core/Src/syscalls.o
                0x0000000008002630                _read
 .text._close   0x000000000800266a       0x18 ./Core/Src/syscalls.o
                0x000000000800266a                _close
 .text._fstat   0x0000000008002682       0x20 ./Core/Src/syscalls.o
                0x0000000008002682                _fstat
 .text._isatty  0x00000000080026a2       0x16 ./Core/Src/syscalls.o
                0x00000000080026a2                _isatty
 .text._lseek   0x00000000080026b8       0x1a ./Core/Src/syscalls.o
                0x00000000080026b8                _lseek
 *fill*         0x00000000080026d2        0x2 
 .text._sbrk    0x00000000080026d4       0x6c ./Core/Src/sysmem.o
                0x00000000080026d4                _sbrk
 .text.SystemInit
                0x0000000008002740       0x24 ./Core/Src/system_stm32f4xx.o
                0x0000000008002740                SystemInit
 .text.__NVIC_GetPriorityGrouping
                0x0000000008002764       0x1c ./Core/Src/tim.o
 .text.__NVIC_EnableIRQ
                0x0000000008002780       0x3c ./Core/Src/tim.o
 .text.__NVIC_SetPriority
                0x00000000080027bc       0x54 ./Core/Src/tim.o
 .text.NVIC_EncodePriority
                0x0000000008002810       0x66 ./Core/Src/tim.o
 .text.LL_TIM_EnableARRPreload
                0x0000000008002876       0x20 ./Core/Src/tim.o
 *fill*         0x0000000008002896        0x2 
 .text.LL_TIM_OC_DisableFast
                0x0000000008002898       0x8c ./Core/Src/tim.o
 .text.LL_TIM_OC_EnablePreload
                0x0000000008002924       0x88 ./Core/Src/tim.o
 .text.LL_TIM_SetClockSource
                0x00000000080029ac       0x2a ./Core/Src/tim.o
 .text.LL_TIM_SetTriggerOutput
                0x00000000080029d6       0x26 ./Core/Src/tim.o
 .text.LL_TIM_DisableMasterSlaveMode
                0x00000000080029fc       0x20 ./Core/Src/tim.o
 .text.LL_AHB1_GRP1_EnableClock
                0x0000000008002a1c       0x30 ./Core/Src/tim.o
 .text.LL_APB1_GRP1_EnableClock
                0x0000000008002a4c       0x30 ./Core/Src/tim.o
 .text.MX_TIM3_Init
                0x0000000008002a7c      0x108 ./Core/Src/tim.o
                0x0000000008002a7c                MX_TIM3_Init
 .text.__NVIC_GetPriorityGrouping
                0x0000000008002b84       0x1c ./Core/Src/usart.o
 .text.__NVIC_EnableIRQ
                0x0000000008002ba0       0x3c ./Core/Src/usart.o
 .text.__NVIC_SetPriority
                0x0000000008002bdc       0x54 ./Core/Src/usart.o
 .text.NVIC_EncodePriority
                0x0000000008002c30       0x66 ./Core/Src/usart.o
 .text.LL_USART_Enable
                0x0000000008002c96       0x20 ./Core/Src/usart.o
 .text.LL_USART_ConfigAsyncMode
                0x0000000008002cb6       0x2c ./Core/Src/usart.o
 *fill*         0x0000000008002ce2        0x2 
 .text.LL_AHB1_GRP1_EnableClock
                0x0000000008002ce4       0x30 ./Core/Src/usart.o
 .text.LL_APB1_GRP1_EnableClock
                0x0000000008002d14       0x30 ./Core/Src/usart.o
 .text.MX_USART3_UART_Init
                0x0000000008002d44       0xc4 ./Core/Src/usart.o
                0x0000000008002d44                MX_USART3_UART_Init
 .text.Reset_Handler
                0x0000000008002e08       0x50 ./Core/Startup/startup_stm32f429zitx.o
                0x0000000008002e08                Reset_Handler
 .text.Default_Handler
                0x0000000008002e58        0x2 ./Core/Startup/startup_stm32f429zitx.o
                0x0000000008002e58                RTC_Alarm_IRQHandler
                0x0000000008002e58                HASH_RNG_IRQHandler
                0x0000000008002e58                EXTI2_IRQHandler
                0x0000000008002e58                TIM8_CC_IRQHandler
                0x0000000008002e58                UART8_IRQHandler
                0x0000000008002e58                SPI4_IRQHandler
                0x0000000008002e58                TIM1_CC_IRQHandler
                0x0000000008002e58                DMA2_Stream5_IRQHandler
                0x0000000008002e58                DMA1_Stream5_IRQHandler
                0x0000000008002e58                PVD_IRQHandler
                0x0000000008002e58                SDIO_IRQHandler
                0x0000000008002e58                TAMP_STAMP_IRQHandler
                0x0000000008002e58                CAN2_RX1_IRQHandler
                0x0000000008002e58                EXTI3_IRQHandler
                0x0000000008002e58                TIM8_TRG_COM_TIM14_IRQHandler
                0x0000000008002e58                TIM1_UP_TIM10_IRQHandler
                0x0000000008002e58                TIM8_UP_TIM13_IRQHandler
                0x0000000008002e58                I2C3_ER_IRQHandler
                0x0000000008002e58                EXTI0_IRQHandler
                0x0000000008002e58                I2C2_EV_IRQHandler
                0x0000000008002e58                DMA1_Stream2_IRQHandler
                0x0000000008002e58                CAN1_RX0_IRQHandler
                0x0000000008002e58                FPU_IRQHandler
                0x0000000008002e58                OTG_HS_WKUP_IRQHandler
                0x0000000008002e58                LTDC_ER_IRQHandler
                0x0000000008002e58                CAN2_SCE_IRQHandler
                0x0000000008002e58                DMA2_Stream2_IRQHandler
                0x0000000008002e58                SPI1_IRQHandler
                0x0000000008002e58                TIM6_DAC_IRQHandler
                0x0000000008002e58                TIM1_BRK_TIM9_IRQHandler
                0x0000000008002e58                DCMI_IRQHandler
                0x0000000008002e58                CAN2_RX0_IRQHandler
                0x0000000008002e58                DMA2_Stream3_IRQHandler
                0x0000000008002e58                USART6_IRQHandler
                0x0000000008002e58                CAN1_RX1_IRQHandler
                0x0000000008002e58                UART5_IRQHandler
                0x0000000008002e58                DMA2_Stream0_IRQHandler
                0x0000000008002e58                TIM4_IRQHandler
                0x0000000008002e58                I2C1_EV_IRQHandler
                0x0000000008002e58                DMA1_Stream6_IRQHandler
                0x0000000008002e58                DMA1_Stream1_IRQHandler
                0x0000000008002e58                UART4_IRQHandler
                0x0000000008002e58                RCC_IRQHandler
                0x0000000008002e58                TIM8_BRK_TIM12_IRQHandler
                0x0000000008002e58                Default_Handler
                0x0000000008002e58                EXTI15_10_IRQHandler
                0x0000000008002e58                ADC_IRQHandler
                0x0000000008002e58                DMA1_Stream7_IRQHandler
                0x0000000008002e58                SPI5_IRQHandler
                0x0000000008002e58                TIM7_IRQHandler
                0x0000000008002e58                CAN2_TX_IRQHandler
                0x0000000008002e58                TIM5_IRQHandler
                0x0000000008002e58                DMA2_Stream7_IRQHandler
                0x0000000008002e58                I2C3_EV_IRQHandler
                0x0000000008002e58                EXTI9_5_IRQHandler
                0x0000000008002e58                RTC_WKUP_IRQHandler
                0x0000000008002e58                LTDC_IRQHandler
                0x0000000008002e58                ETH_WKUP_IRQHandler
                0x0000000008002e58                SPI2_IRQHandler
                0x0000000008002e58                OTG_HS_EP1_IN_IRQHandler
                0x0000000008002e58                DMA1_Stream0_IRQHandler
                0x0000000008002e58                CAN1_TX_IRQHandler
                0x0000000008002e58                EXTI4_IRQHandler
                0x0000000008002e58                ETH_IRQHandler
                0x0000000008002e58                OTG_HS_EP1_OUT_IRQHandler
                0x0000000008002e58                WWDG_IRQHandler
                0x0000000008002e58                SPI6_IRQHandler
                0x0000000008002e58                TIM2_IRQHandler
                0x0000000008002e58                OTG_FS_WKUP_IRQHandler
                0x0000000008002e58                TIM1_TRG_COM_TIM11_IRQHandler
                0x0000000008002e58                OTG_HS_IRQHandler
                0x0000000008002e58                DMA2D_IRQHandler
                0x0000000008002e58                EXTI1_IRQHandler
                0x0000000008002e58                UART7_IRQHandler
                0x0000000008002e58                USART2_IRQHandler
                0x0000000008002e58                I2C2_ER_IRQHandler
                0x0000000008002e58                DMA2_Stream1_IRQHandler
                0x0000000008002e58                CAN1_SCE_IRQHandler
                0x0000000008002e58                FLASH_IRQHandler
                0x0000000008002e58                DMA2_Stream4_IRQHandler
                0x0000000008002e58                USART1_IRQHandler
                0x0000000008002e58                OTG_FS_IRQHandler
                0x0000000008002e58                SPI3_IRQHandler
                0x0000000008002e58                DMA1_Stream4_IRQHandler
                0x0000000008002e58                I2C1_ER_IRQHandler
                0x0000000008002e58                FMC_IRQHandler
                0x0000000008002e58                DMA2_Stream6_IRQHandler
                0x0000000008002e58                SAI1_IRQHandler
                0x0000000008002e58                DMA1_Stream3_IRQHandler
 *fill*         0x0000000008002e5a        0x2 
 .text.HAL_Init
                0x0000000008002e5c       0x44 ./Drivers/STM32F4xx_HAL_Driver/Src/stm32f4xx_hal.o
                0x0000000008002e5c                HAL_Init
 .text.HAL_InitTick
                0x0000000008002ea0       0x60 ./Drivers/STM32F4xx_HAL_Driver/Src/stm32f4xx_hal.o
                0x0000000008002ea0                HAL_InitTick
 .text.HAL_IncTick
                0x0000000008002f00       0x28 ./Drivers/STM32F4xx_HAL_Driver/Src/stm32f4xx_hal.o
                0x0000000008002f00                HAL_IncTick
 .text.HAL_GetTick
                0x0000000008002f28       0x18 ./Drivers/STM32F4xx_HAL_Driver/Src/stm32f4xx_hal.o
                0x0000000008002f28                HAL_GetTick
 .text.HAL_Delay
                0x0000000008002f40       0x48 ./Drivers/STM32F4xx_HAL_Driver/Src/stm32f4xx_hal.o
                0x0000000008002f40                HAL_Delay
 .text.__NVIC_SetPriorityGrouping
                0x0000000008002f88       0x48 ./Drivers/STM32F4xx_HAL_Driver/Src/stm32f4xx_hal_cortex.o
 .text.__NVIC_GetPriorityGrouping
                0x0000000008002fd0       0x1c ./Drivers/STM32F4xx_HAL_Driver/Src/stm32f4xx_hal_cortex.o
 .text.__NVIC_SetPriority
                0x0000000008002fec       0x54 ./Drivers/STM32F4xx_HAL_Driver/Src/stm32f4xx_hal_cortex.o
 .text.NVIC_EncodePriority
                0x0000000008003040       0x66 ./Drivers/STM32F4xx_HAL_Driver/Src/stm32f4xx_hal_cortex.o
 *fill*         0x00000000080030a6        0x2 
 .text.SysTick_Config
                0x00000000080030a8       0x44 ./Drivers/STM32F4xx_HAL_Driver/Src/stm32f4xx_hal_cortex.o
 .text.HAL_NVIC_SetPriorityGrouping
                0x00000000080030ec       0x16 ./Drivers/STM32F4xx_HAL_Driver/Src/stm32f4xx_hal_cortex.o
                0x00000000080030ec                HAL_NVIC_SetPriorityGrouping
 .text.HAL_NVIC_SetPriority
                0x0000000008003102       0x38 ./Drivers/STM32F4xx_HAL_Driver/Src/stm32f4xx_hal_cortex.o
                0x0000000008003102                HAL_NVIC_SetPriority
 .text.HAL_SYSTICK_Config
                0x000000000800313a       0x18 ./Drivers/STM32F4xx_HAL_Driver/Src/stm32f4xx_hal_cortex.o
                0x000000000800313a                HAL_SYSTICK_Config
 *fill*         0x0000000008003152        0x2 
 .text.HAL_PWREx_EnableOverDrive
                0x0000000008003154       0xa0 ./Drivers/STM32F4xx_HAL_Driver/Src/stm32f4xx_hal_pwr_ex.o
                0x0000000008003154                HAL_PWREx_EnableOverDrive
 .text.HAL_RCC_OscConfig
                0x00000000080031f4      0x4f0 ./Drivers/STM32F4xx_HAL_Driver/Src/stm32f4xx_hal_rcc.o
                0x00000000080031f4                HAL_RCC_OscConfig
 .text.HAL_RCC_ClockConfig
                0x00000000080036e4      0x1cc ./Drivers/STM32F4xx_HAL_Driver/Src/stm32f4xx_hal_rcc.o
                0x00000000080036e4                HAL_RCC_ClockConfig
 .text.HAL_RCC_GetSysClockFreq
                0x00000000080038b0      0x20c ./Drivers/STM32F4xx_HAL_Driver/Src/stm32f4xx_hal_rcc.o
                0x00000000080038b0                HAL_RCC_GetSysClockFreq
 .text.LL_EXTI_EnableIT_0_31
                0x0000000008003abc       0x24 ./Drivers/STM32F4xx_HAL_Driver/Src/stm32f4xx_ll_exti.o
 .text.LL_EXTI_DisableIT_0_31
                0x0000000008003ae0       0x28 ./Drivers/STM32F4xx_HAL_Driver/Src/stm32f4xx_ll_exti.o
 .text.LL_EXTI_EnableEvent_0_31
                0x0000000008003b08       0x24 ./Drivers/STM32F4xx_HAL_Driver/Src/stm32f4xx_ll_exti.o
 .text.LL_EXTI_DisableEvent_0_31
                0x0000000008003b2c       0x28 ./Drivers/STM32F4xx_HAL_Driver/Src/stm32f4xx_ll_exti.o
 .text.LL_EXTI_EnableRisingTrig_0_31
                0x0000000008003b54       0x24 ./Drivers/STM32F4xx_HAL_Driver/Src/stm32f4xx_ll_exti.o
 .text.LL_EXTI_DisableRisingTrig_0_31
                0x0000000008003b78       0x28 ./Drivers/STM32F4xx_HAL_Driver/Src/stm32f4xx_ll_exti.o
 .text.LL_EXTI_EnableFallingTrig_0_31
                0x0000000008003ba0       0x24 ./Drivers/STM32F4xx_HAL_Driver/Src/stm32f4xx_ll_exti.o
 .text.LL_EXTI_DisableFallingTrig_0_31
                0x0000000008003bc4       0x28 ./Drivers/STM32F4xx_HAL_Driver/Src/stm32f4xx_ll_exti.o
 .text.LL_EXTI_Init
                0x0000000008003bec      0x102 ./Drivers/STM32F4xx_HAL_Driver/Src/stm32f4xx_ll_exti.o
                0x0000000008003bec                LL_EXTI_Init
 .text.LL_GPIO_SetPinMode
                0x0000000008003cee       0x5e ./Drivers/STM32F4xx_HAL_Driver/Src/stm32f4xx_ll_gpio.o
 .text.LL_GPIO_SetPinOutputType
                0x0000000008003d4c       0x30 ./Drivers/STM32F4xx_HAL_Driver/Src/stm32f4xx_ll_gpio.o
 .text.LL_GPIO_SetPinSpeed
                0x0000000008003d7c       0x5e ./Drivers/STM32F4xx_HAL_Driver/Src/stm32f4xx_ll_gpio.o
 .text.LL_GPIO_SetPinPull
                0x0000000008003dda       0x5e ./Drivers/STM32F4xx_HAL_Driver/Src/stm32f4xx_ll_gpio.o
 .text.LL_GPIO_SetAFPin_0_7
                0x0000000008003e38       0x5e ./Drivers/STM32F4xx_HAL_Driver/Src/stm32f4xx_ll_gpio.o
 .text.LL_GPIO_SetAFPin_8_15
                0x0000000008003e96       0x62 ./Drivers/STM32F4xx_HAL_Driver/Src/stm32f4xx_ll_gpio.o
 .text.LL_GPIO_Init
                0x0000000008003ef8       0xe6 ./Drivers/STM32F4xx_HAL_Driver/Src/stm32f4xx_ll_gpio.o
                0x0000000008003ef8                LL_GPIO_Init
 .text.LL_I2C_Enable
                0x0000000008003fde       0x20 ./Drivers/STM32F4xx_HAL_Driver/Src/stm32f4xx_ll_i2c.o
 .text.LL_I2C_Disable
                0x0000000008003ffe       0x20 ./Drivers/STM32F4xx_HAL_Driver/Src/stm32f4xx_ll_i2c.o
 .text.LL_I2C_ConfigFilters
                0x000000000800401e       0x2c ./Drivers/STM32F4xx_HAL_Driver/Src/stm32f4xx_ll_i2c.o
 .text.LL_I2C_SetOwnAddress1
                0x000000000800404a       0x30 ./Drivers/STM32F4xx_HAL_Driver/Src/stm32f4xx_ll_i2c.o
 *fill*         0x000000000800407a        0x2 
 .text.LL_I2C_ConfigSpeed
                0x000000000800407c      0x130 ./Drivers/STM32F4xx_HAL_Driver/Src/stm32f4xx_ll_i2c.o
 .text.LL_I2C_SetMode
                0x00000000080041ac       0x26 ./Drivers/STM32F4xx_HAL_Driver/Src/stm32f4xx_ll_i2c.o
 .text.LL_I2C_AcknowledgeNextData
                0x00000000080041d2       0x26 ./Drivers/STM32F4xx_HAL_Driver/Src/stm32f4xx_ll_i2c.o
 .text.LL_I2C_Init
                0x00000000080041f8       0x72 ./Drivers/STM32F4xx_HAL_Driver/Src/stm32f4xx_ll_i2c.o
                0x00000000080041f8                LL_I2C_Init
 *fill*         0x000000000800426a        0x2 
 .text.LL_RCC_GetSysClkSource
                0x000000000800426c       0x1c ./Drivers/STM32F4xx_HAL_Driver/Src/stm32f4xx_ll_rcc.o
 .text.LL_RCC_GetAHBPrescaler
                0x0000000008004288       0x1c ./Drivers/STM32F4xx_HAL_Driver/Src/stm32f4xx_ll_rcc.o
 .text.LL_RCC_GetAPB1Prescaler
                0x00000000080042a4       0x1c ./Drivers/STM32F4xx_HAL_Driver/Src/stm32f4xx_ll_rcc.o
 .text.LL_RCC_GetAPB2Prescaler
                0x00000000080042c0       0x1c ./Drivers/STM32F4xx_HAL_Driver/Src/stm32f4xx_ll_rcc.o
 .text.LL_RCC_PLL_GetMainSource
                0x00000000080042dc       0x1c ./Drivers/STM32F4xx_HAL_Driver/Src/stm32f4xx_ll_rcc.o
 .text.LL_RCC_PLL_GetN
                0x00000000080042f8       0x1c ./Drivers/STM32F4xx_HAL_Driver/Src/stm32f4xx_ll_rcc.o
 .text.LL_RCC_PLL_GetP
                0x0000000008004314       0x1c ./Drivers/STM32F4xx_HAL_Driver/Src/stm32f4xx_ll_rcc.o
 .text.LL_RCC_PLL_GetDivider
                0x0000000008004330       0x1c ./Drivers/STM32F4xx_HAL_Driver/Src/stm32f4xx_ll_rcc.o
 .text.LL_RCC_GetSystemClocksFreq
                0x000000000800434c       0x4a ./Drivers/STM32F4xx_HAL_Driver/Src/stm32f4xx_ll_rcc.o
                0x000000000800434c                LL_RCC_GetSystemClocksFreq
 *fill*         0x0000000008004396        0x2 
 .text.RCC_GetSystemClockFreq
                0x0000000008004398       0x50 ./Drivers/STM32F4xx_HAL_Driver/Src/stm32f4xx_ll_rcc.o
                0x0000000008004398                RCC_GetSystemClockFreq
 .text.RCC_GetHCLKClockFreq
                0x00000000080043e8       0x2c ./Drivers/STM32F4xx_HAL_Driver/Src/stm32f4xx_ll_rcc.o
                0x00000000080043e8                RCC_GetHCLKClockFreq
 .text.RCC_GetPCLK1ClockFreq
                0x0000000008004414       0x28 ./Drivers/STM32F4xx_HAL_Driver/Src/stm32f4xx_ll_rcc.o
                0x0000000008004414                RCC_GetPCLK1ClockFreq
 .text.RCC_GetPCLK2ClockFreq
                0x000000000800443c       0x28 ./Drivers/STM32F4xx_HAL_Driver/Src/stm32f4xx_ll_rcc.o
                0x000000000800443c                RCC_GetPCLK2ClockFreq
 .text.RCC_PLL_GetFreqDomain_SYS
                0x0000000008004464       0x7c ./Drivers/STM32F4xx_HAL_Driver/Src/stm32f4xx_ll_rcc.o
                0x0000000008004464                RCC_PLL_GetFreqDomain_SYS
 .text.LL_TIM_SetPrescaler
                0x00000000080044e0       0x1c ./Drivers/STM32F4xx_HAL_Driver/Src/stm32f4xx_ll_tim.o
 .text.LL_TIM_SetAutoReload
                0x00000000080044fc       0x1c ./Drivers/STM32F4xx_HAL_Driver/Src/stm32f4xx_ll_tim.o
 .text.LL_TIM_SetRepetitionCounter
                0x0000000008004518       0x1c ./Drivers/STM32F4xx_HAL_Driver/Src/stm32f4xx_ll_tim.o
 .text.LL_TIM_OC_SetCompareCH1
                0x0000000008004534       0x1c ./Drivers/STM32F4xx_HAL_Driver/Src/stm32f4xx_ll_tim.o
 .text.LL_TIM_OC_SetCompareCH2
                0x0000000008004550       0x1c ./Drivers/STM32F4xx_HAL_Driver/Src/stm32f4xx_ll_tim.o
 .text.LL_TIM_OC_SetCompareCH3
                0x000000000800456c       0x1c ./Drivers/STM32F4xx_HAL_Driver/Src/stm32f4xx_ll_tim.o
 .text.LL_TIM_OC_SetCompareCH4
                0x0000000008004588       0x1c ./Drivers/STM32F4xx_HAL_Driver/Src/stm32f4xx_ll_tim.o
 .text.LL_TIM_GenerateEvent_UPDATE
                0x00000000080045a4       0x20 ./Drivers/STM32F4xx_HAL_Driver/Src/stm32f4xx_ll_tim.o
 .text.LL_TIM_Init
                0x00000000080045c4      0x134 ./Drivers/STM32F4xx_HAL_Driver/Src/stm32f4xx_ll_tim.o
                0x00000000080045c4                LL_TIM_Init
 .text.LL_TIM_OC_Init
                0x00000000080046f8       0x82 ./Drivers/STM32F4xx_HAL_Driver/Src/stm32f4xx_ll_tim.o
                0x00000000080046f8                LL_TIM_OC_Init
 *fill*         0x000000000800477a        0x2 
 .text.OC1Config
                0x000000000800477c       0xd8 ./Drivers/STM32F4xx_HAL_Driver/Src/stm32f4xx_ll_tim.o
 .text.OC2Config
                0x0000000008004854       0xe0 ./Drivers/STM32F4xx_HAL_Driver/Src/stm32f4xx_ll_tim.o
 .text.OC3Config
                0x0000000008004934       0xe0 ./Drivers/STM32F4xx_HAL_Driver/Src/stm32f4xx_ll_tim.o
 .text.OC4Config
                0x0000000008004a14       0xb0 ./Drivers/STM32F4xx_HAL_Driver/Src/stm32f4xx_ll_tim.o
 .text.LL_USART_IsEnabled
                0x0000000008004ac4       0x28 ./Drivers/STM32F4xx_HAL_Driver/Src/stm32f4xx_ll_usart.o
 .text.LL_USART_SetStopBitsLength
                0x0000000008004aec       0x26 ./Drivers/STM32F4xx_HAL_Driver/Src/stm32f4xx_ll_usart.o
 .text.LL_USART_SetHWFlowCtrl
                0x0000000008004b12       0x26 ./Drivers/STM32F4xx_HAL_Driver/Src/stm32f4xx_ll_usart.o
 .text.LL_USART_SetBaudRate
                0x0000000008004b38      0x458 ./Drivers/STM32F4xx_HAL_Driver/Src/stm32f4xx_ll_usart.o
 .text.LL_USART_Init
                0x0000000008004f90      0x124 ./Drivers/STM32F4xx_HAL_Driver/Src/stm32f4xx_ll_usart.o
                0x0000000008004f90                LL_USART_Init
 .text.LL_mDelay
                0x00000000080050b4       0x4c ./Drivers/STM32F4xx_HAL_Driver/Src/stm32f4xx_ll_utils.o
                0x00000000080050b4                LL_mDelay
 .text.__errno  0x0000000008005100        0xc c:/st/stm32cubeide_1.8.0/stm32cubeide/plugins/com.st.stm32cube.ide.mcu.externaltools.gnu-tools-for-stm32.10.3-2021.10.win32_1.0.0.202111181127/tools/bin/../lib/gcc/arm-none-eabi/10.3.1/../../../../arm-none-eabi/lib/thumb/v7e-m+fp/hard\libc_nano.a(lib_a-errno.o)
                0x0000000008005100                __errno
 .text.__libc_init_array
                0x000000000800510c       0x48 c:/st/stm32cubeide_1.8.0/stm32cubeide/plugins/com.st.stm32cube.ide.mcu.externaltools.gnu-tools-for-stm32.10.3-2021.10.win32_1.0.0.202111181127/tools/bin/../lib/gcc/arm-none-eabi/10.3.1/../../../../arm-none-eabi/lib/thumb/v7e-m+fp/hard\libc_nano.a(lib_a-init.o)
                0x000000000800510c                __libc_init_array
 .text.memset   0x0000000008005154       0x10 c:/st/stm32cubeide_1.8.0/stm32cubeide/plugins/com.st.stm32cube.ide.mcu.externaltools.gnu-tools-for-stm32.10.3-2021.10.win32_1.0.0.202111181127/tools/bin/../lib/gcc/arm-none-eabi/10.3.1/../../../../arm-none-eabi/lib/thumb/v7e-m+fp/hard\libc_nano.a(lib_a-memset.o)
                0x0000000008005154                memset
 .text.__cvt    0x0000000008005164       0xc4 c:/st/stm32cubeide_1.8.0/stm32cubeide/plugins/com.st.stm32cube.ide.mcu.externaltools.gnu-tools-for-stm32.10.3-2021.10.win32_1.0.0.202111181127/tools/bin/../lib/gcc/arm-none-eabi/10.3.1/../../../../arm-none-eabi/lib/thumb/v7e-m+fp/hard\libc_nano.a(lib_a-nano-vfprintf_float.o)
                0x0000000008005164                __cvt
 .text.__exponent
                0x0000000008005228       0x7c c:/st/stm32cubeide_1.8.0/stm32cubeide/plugins/com.st.stm32cube.ide.mcu.externaltools.gnu-tools-for-stm32.10.3-2021.10.win32_1.0.0.202111181127/tools/bin/../lib/gcc/arm-none-eabi/10.3.1/../../../../arm-none-eabi/lib/thumb/v7e-m+fp/hard\libc_nano.a(lib_a-nano-vfprintf_float.o)
                0x0000000008005228                __exponent
 .text._printf_float
                0x00000000080052a4      0x46c c:/st/stm32cubeide_1.8.0/stm32cubeide/plugins/com.st.stm32cube.ide.mcu.externaltools.gnu-tools-for-stm32.10.3-2021.10.win32_1.0.0.202111181127/tools/bin/../lib/gcc/arm-none-eabi/10.3.1/../../../../arm-none-eabi/lib/thumb/v7e-m+fp/hard\libc_nano.a(lib_a-nano-vfprintf_float.o)
                0x00000000080052a4                _printf_float
 .text._printf_common
                0x0000000008005710       0xda c:/st/stm32cubeide_1.8.0/stm32cubeide/plugins/com.st.stm32cube.ide.mcu.externaltools.gnu-tools-for-stm32.10.3-2021.10.win32_1.0.0.202111181127/tools/bin/../lib/gcc/arm-none-eabi/10.3.1/../../../../arm-none-eabi/lib/thumb/v7e-m+fp/hard\libc_nano.a(lib_a-nano-vfprintf_i.o)
                0x0000000008005710                _printf_common
 *fill*         0x00000000080057ea        0x2 
 .text._printf_i
                0x00000000080057ec      0x24c c:/st/stm32cubeide_1.8.0/stm32cubeide/plugins/com.st.stm32cube.ide.mcu.externaltools.gnu-tools-for-stm32.10.3-2021.10.win32_1.0.0.202111181127/tools/bin/../lib/gcc/arm-none-eabi/10.3.1/../../../../arm-none-eabi/lib/thumb/v7e-m+fp/hard\libc_nano.a(lib_a-nano-vfprintf_i.o)
                0x00000000080057ec                _printf_i
 .text._scanf_float
                0x0000000008005a38      0x420 c:/st/stm32cubeide_1.8.0/stm32cubeide/plugins/com.st.stm32cube.ide.mcu.externaltools.gnu-tools-for-stm32.10.3-2021.10.win32_1.0.0.202111181127/tools/bin/../lib/gcc/arm-none-eabi/10.3.1/../../../../arm-none-eabi/lib/thumb/v7e-m+fp/hard\libc_nano.a(lib_a-nano-vfscanf_float.o)
                0x0000000008005a38                _scanf_float
 .text.printf   0x0000000008005e58       0x30 c:/st/stm32cubeide_1.8.0/stm32cubeide/plugins/com.st.stm32cube.ide.mcu.externaltools.gnu-tools-for-stm32.10.3-2021.10.win32_1.0.0.202111181127/tools/bin/../lib/gcc/arm-none-eabi/10.3.1/../../../../arm-none-eabi/lib/thumb/v7e-m+fp/hard\libc_nano.a(lib_a-printf.o)
                0x0000000008005e58                iprintf
                0x0000000008005e58                printf
 .text._puts_r  0x0000000008005e88       0xdc c:/st/stm32cubeide_1.8.0/stm32cubeide/plugins/com.st.stm32cube.ide.mcu.externaltools.gnu-tools-for-stm32.10.3-2021.10.win32_1.0.0.202111181127/tools/bin/../lib/gcc/arm-none-eabi/10.3.1/../../../../arm-none-eabi/lib/thumb/v7e-m+fp/hard\libc_nano.a(lib_a-puts.o)
                0x0000000008005e88                _puts_r
 .text.puts     0x0000000008005f64       0x10 c:/st/stm32cubeide_1.8.0/stm32cubeide/plugins/com.st.stm32cube.ide.mcu.externaltools.gnu-tools-for-stm32.10.3-2021.10.win32_1.0.0.202111181127/tools/bin/../lib/gcc/arm-none-eabi/10.3.1/../../../../arm-none-eabi/lib/thumb/v7e-m+fp/hard\libc_nano.a(lib_a-puts.o)
                0x0000000008005f64                puts
 .text.nanf     0x0000000008005f74        0xc c:/st/stm32cubeide_1.8.0/stm32cubeide/plugins/com.st.stm32cube.ide.mcu.externaltools.gnu-tools-for-stm32.10.3-2021.10.win32_1.0.0.202111181127/tools/bin/../lib/gcc/arm-none-eabi/10.3.1/../../../../arm-none-eabi/lib/thumb/v7e-m+fp/hard\libc_nano.a(lib_a-sf_nan.o)
                0x0000000008005f74                nanf
 .text.sprintf  0x0000000008005f80       0x40 c:/st/stm32cubeide_1.8.0/stm32cubeide/plugins/com.st.stm32cube.ide.mcu.externaltools.gnu-tools-for-stm32.10.3-2021.10.win32_1.0.0.202111181127/tools/bin/../lib/gcc/arm-none-eabi/10.3.1/../../../../arm-none-eabi/lib/thumb/v7e-m+fp/hard\libc_nano.a(lib_a-sprintf.o)
                0x0000000008005f80                siprintf
                0x0000000008005f80                sprintf
 .text.sulp     0x0000000008005fc0       0x38 c:/st/stm32cubeide_1.8.0/stm32cubeide/plugins/com.st.stm32cube.ide.mcu.externaltools.gnu-tools-for-stm32.10.3-2021.10.win32_1.0.0.202111181127/tools/bin/../lib/gcc/arm-none-eabi/10.3.1/../../../../arm-none-eabi/lib/thumb/v7e-m+fp/hard\libc_nano.a(lib_a-strtod.o)
 .text._strtod_l
                0x0000000008005ff8      0xc0c c:/st/stm32cubeide_1.8.0/stm32cubeide/plugins/com.st.stm32cube.ide.mcu.externaltools.gnu-tools-for-stm32.10.3-2021.10.win32_1.0.0.202111181127/tools/bin/../lib/gcc/arm-none-eabi/10.3.1/../../../../arm-none-eabi/lib/thumb/v7e-m+fp/hard\libc_nano.a(lib_a-strtod.o)
                0x0000000008005ff8                _strtod_l
 .text._strtod_r
                0x0000000008006c04        0xc c:/st/stm32cubeide_1.8.0/stm32cubeide/plugins/com.st.stm32cube.ide.mcu.externaltools.gnu-tools-for-stm32.10.3-2021.10.win32_1.0.0.202111181127/tools/bin/../lib/gcc/arm-none-eabi/10.3.1/../../../../arm-none-eabi/lib/thumb/v7e-m+fp/hard\libc_nano.a(lib_a-strtod.o)
                0x0000000008006c04                _strtod_r
 .text._strtol_l.constprop.0
                0x0000000008006c10      0x104 c:/st/stm32cubeide_1.8.0/stm32cubeide/plugins/com.st.stm32cube.ide.mcu.externaltools.gnu-tools-for-stm32.10.3-2021.10.win32_1.0.0.202111181127/tools/bin/../lib/gcc/arm-none-eabi/10.3.1/../../../../arm-none-eabi/lib/thumb/v7e-m+fp/hard\libc_nano.a(lib_a-strtol.o)
 .text._strtol_r
                0x0000000008006d14        0x4 c:/st/stm32cubeide_1.8.0/stm32cubeide/plugins/com.st.stm32cube.ide.mcu.externaltools.gnu-tools-for-stm32.10.3-2021.10.win32_1.0.0.202111181127/tools/bin/../lib/gcc/arm-none-eabi/10.3.1/../../../../arm-none-eabi/lib/thumb/v7e-m+fp/hard\libc_nano.a(lib_a-strtol.o)
                0x0000000008006d14                _strtol_r
 .text.__swbuf_r
                0x0000000008006d18       0xa4 c:/st/stm32cubeide_1.8.0/stm32cubeide/plugins/com.st.stm32cube.ide.mcu.externaltools.gnu-tools-for-stm32.10.3-2021.10.win32_1.0.0.202111181127/tools/bin/../lib/gcc/arm-none-eabi/10.3.1/../../../../arm-none-eabi/lib/thumb/v7e-m+fp/hard\libc_nano.a(lib_a-wbuf.o)
                0x0000000008006d18                __swbuf_r
 .text.__swsetup_r
                0x0000000008006dbc       0xdc c:/st/stm32cubeide_1.8.0/stm32cubeide/plugins/com.st.stm32cube.ide.mcu.externaltools.gnu-tools-for-stm32.10.3-2021.10.win32_1.0.0.202111181127/tools/bin/../lib/gcc/arm-none-eabi/10.3.1/../../../../arm-none-eabi/lib/thumb/v7e-m+fp/hard\libc_nano.a(lib_a-wsetup.o)
                0x0000000008006dbc                __swsetup_r
 .text.quorem   0x0000000008006e98      0x116 c:/st/stm32cubeide_1.8.0/stm32cubeide/plugins/com.st.stm32cube.ide.mcu.externaltools.gnu-tools-for-stm32.10.3-2021.10.win32_1.0.0.202111181127/tools/bin/../lib/gcc/arm-none-eabi/10.3.1/../../../../arm-none-eabi/lib/thumb/v7e-m+fp/hard\libc_nano.a(lib_a-dtoa.o)
 *fill*         0x0000000008006fae        0x2 
 .text._dtoa_r  0x0000000008006fb0      0xbdc c:/st/stm32cubeide_1.8.0/stm32cubeide/plugins/com.st.stm32cube.ide.mcu.externaltools.gnu-tools-for-stm32.10.3-2021.10.win32_1.0.0.202111181127/tools/bin/../lib/gcc/arm-none-eabi/10.3.1/../../../../arm-none-eabi/lib/thumb/v7e-m+fp/hard\libc_nano.a(lib_a-dtoa.o)
                0x0000000008006fb0                _dtoa_r
 .text.__sflush_r
                0x0000000008007b8c      0x10c c:/st/stm32cubeide_1.8.0/stm32cubeide/plugins/com.st.stm32cube.ide.mcu.externaltools.gnu-tools-for-stm32.10.3-2021.10.win32_1.0.0.202111181127/tools/bin/../lib/gcc/arm-none-eabi/10.3.1/../../../../arm-none-eabi/lib/thumb/v7e-m+fp/hard\libc_nano.a(lib_a-fflush.o)
                0x0000000008007b8c                __sflush_r
 .text._fflush_r
                0x0000000008007c98       0x78 c:/st/stm32cubeide_1.8.0/stm32cubeide/plugins/com.st.stm32cube.ide.mcu.externaltools.gnu-tools-for-stm32.10.3-2021.10.win32_1.0.0.202111181127/tools/bin/../lib/gcc/arm-none-eabi/10.3.1/../../../../arm-none-eabi/lib/thumb/v7e-m+fp/hard\libc_nano.a(lib_a-fflush.o)
                0x0000000008007c98                _fflush_r
 .text.std      0x0000000008007d10       0x48 c:/st/stm32cubeide_1.8.0/stm32cubeide/plugins/com.st.stm32cube.ide.mcu.externaltools.gnu-tools-for-stm32.10.3-2021.10.win32_1.0.0.202111181127/tools/bin/../lib/gcc/arm-none-eabi/10.3.1/../../../../arm-none-eabi/lib/thumb/v7e-m+fp/hard\libc_nano.a(lib_a-findfp.o)
 .text._cleanup_r
                0x0000000008007d58        0xc c:/st/stm32cubeide_1.8.0/stm32cubeide/plugins/com.st.stm32cube.ide.mcu.externaltools.gnu-tools-for-stm32.10.3-2021.10.win32_1.0.0.202111181127/tools/bin/../lib/gcc/arm-none-eabi/10.3.1/../../../../arm-none-eabi/lib/thumb/v7e-m+fp/hard\libc_nano.a(lib_a-findfp.o)
                0x0000000008007d58                _cleanup_r
 .text.__sfmoreglue
                0x0000000008007d64       0x2c c:/st/stm32cubeide_1.8.0/stm32cubeide/plugins/com.st.stm32cube.ide.mcu.externaltools.gnu-tools-for-stm32.10.3-2021.10.win32_1.0.0.202111181127/tools/bin/../lib/gcc/arm-none-eabi/10.3.1/../../../../arm-none-eabi/lib/thumb/v7e-m+fp/hard\libc_nano.a(lib_a-findfp.o)
                0x0000000008007d64                __sfmoreglue
 .text.__sfp_lock_acquire
                0x0000000008007d90        0xc c:/st/stm32cubeide_1.8.0/stm32cubeide/plugins/com.st.stm32cube.ide.mcu.externaltools.gnu-tools-for-stm32.10.3-2021.10.win32_1.0.0.202111181127/tools/bin/../lib/gcc/arm-none-eabi/10.3.1/../../../../arm-none-eabi/lib/thumb/v7e-m+fp/hard\libc_nano.a(lib_a-findfp.o)
                0x0000000008007d90                __sfp_lock_acquire
 .text.__sfp_lock_release
                0x0000000008007d9c        0xc c:/st/stm32cubeide_1.8.0/stm32cubeide/plugins/com.st.stm32cube.ide.mcu.externaltools.gnu-tools-for-stm32.10.3-2021.10.win32_1.0.0.202111181127/tools/bin/../lib/gcc/arm-none-eabi/10.3.1/../../../../arm-none-eabi/lib/thumb/v7e-m+fp/hard\libc_nano.a(lib_a-findfp.o)
                0x0000000008007d9c                __sfp_lock_release
 .text.__sinit_lock_acquire
                0x0000000008007da8        0xc c:/st/stm32cubeide_1.8.0/stm32cubeide/plugins/com.st.stm32cube.ide.mcu.externaltools.gnu-tools-for-stm32.10.3-2021.10.win32_1.0.0.202111181127/tools/bin/../lib/gcc/arm-none-eabi/10.3.1/../../../../arm-none-eabi/lib/thumb/v7e-m+fp/hard\libc_nano.a(lib_a-findfp.o)
                0x0000000008007da8                __sinit_lock_acquire
 .text.__sinit_lock_release
                0x0000000008007db4        0xc c:/st/stm32cubeide_1.8.0/stm32cubeide/plugins/com.st.stm32cube.ide.mcu.externaltools.gnu-tools-for-stm32.10.3-2021.10.win32_1.0.0.202111181127/tools/bin/../lib/gcc/arm-none-eabi/10.3.1/../../../../arm-none-eabi/lib/thumb/v7e-m+fp/hard\libc_nano.a(lib_a-findfp.o)
                0x0000000008007db4                __sinit_lock_release
 .text.__sinit  0x0000000008007dc0       0x70 c:/st/stm32cubeide_1.8.0/stm32cubeide/plugins/com.st.stm32cube.ide.mcu.externaltools.gnu-tools-for-stm32.10.3-2021.10.win32_1.0.0.202111181127/tools/bin/../lib/gcc/arm-none-eabi/10.3.1/../../../../arm-none-eabi/lib/thumb/v7e-m+fp/hard\libc_nano.a(lib_a-findfp.o)
                0x0000000008007dc0                __sinit
 .text.__sfp    0x0000000008007e30       0x8c c:/st/stm32cubeide_1.8.0/stm32cubeide/plugins/com.st.stm32cube.ide.mcu.externaltools.gnu-tools-for-stm32.10.3-2021.10.win32_1.0.0.202111181127/tools/bin/../lib/gcc/arm-none-eabi/10.3.1/../../../../arm-none-eabi/lib/thumb/v7e-m+fp/hard\libc_nano.a(lib_a-findfp.o)
                0x0000000008007e30                __sfp
 .text._fwalk_reent
                0x0000000008007ebc       0x3e c:/st/stm32cubeide_1.8.0/stm32cubeide/plugins/com.st.stm32cube.ide.mcu.externaltools.gnu-tools-for-stm32.10.3-2021.10.win32_1.0.0.202111181127/tools/bin/../lib/gcc/arm-none-eabi/10.3.1/../../../../arm-none-eabi/lib/thumb/v7e-m+fp/hard\libc_nano.a(lib_a-fwalk.o)
                0x0000000008007ebc                _fwalk_reent
 .text.rshift   0x0000000008007efa       0xa4 c:/st/stm32cubeide_1.8.0/stm32cubeide/plugins/com.st.stm32cube.ide.mcu.externaltools.gnu-tools-for-stm32.10.3-2021.10.win32_1.0.0.202111181127/tools/bin/../lib/gcc/arm-none-eabi/10.3.1/../../../../arm-none-eabi/lib/thumb/v7e-m+fp/hard\libc_nano.a(lib_a-gdtoa-gethex.o)
 .text.__hexdig_fun
                0x0000000008007f9e       0x2a c:/st/stm32cubeide_1.8.0/stm32cubeide/plugins/com.st.stm32cube.ide.mcu.externaltools.gnu-tools-for-stm32.10.3-2021.10.win32_1.0.0.202111181127/tools/bin/../lib/gcc/arm-none-eabi/10.3.1/../../../../arm-none-eabi/lib/thumb/v7e-m+fp/hard\libc_nano.a(lib_a-gdtoa-gethex.o)
                0x0000000008007f9e                __hexdig_fun
 .text.__gethex
                0x0000000008007fc8      0x48c c:/st/stm32cubeide_1.8.0/stm32cubeide/plugins/com.st.stm32cube.ide.mcu.externaltools.gnu-tools-for-stm32.10.3-2021.10.win32_1.0.0.202111181127/tools/bin/../lib/gcc/arm-none-eabi/10.3.1/../../../../arm-none-eabi/lib/thumb/v7e-m+fp/hard\libc_nano.a(lib_a-gdtoa-gethex.o)
                0x0000000008007fc8                __gethex
 .text.L_shift  0x0000000008008454       0x24 c:/st/stm32cubeide_1.8.0/stm32cubeide/plugins/com.st.stm32cube.ide.mcu.externaltools.gnu-tools-for-stm32.10.3-2021.10.win32_1.0.0.202111181127/tools/bin/../lib/gcc/arm-none-eabi/10.3.1/../../../../arm-none-eabi/lib/thumb/v7e-m+fp/hard\libc_nano.a(lib_a-gdtoa-hexnan.o)
 .text.__match  0x0000000008008478       0x28 c:/st/stm32cubeide_1.8.0/stm32cubeide/plugins/com.st.stm32cube.ide.mcu.externaltools.gnu-tools-for-stm32.10.3-2021.10.win32_1.0.0.202111181127/tools/bin/../lib/gcc/arm-none-eabi/10.3.1/../../../../arm-none-eabi/lib/thumb/v7e-m+fp/hard\libc_nano.a(lib_a-gdtoa-hexnan.o)
                0x0000000008008478                __match
 .text.__hexnan
                0x00000000080084a0      0x138 c:/st/stm32cubeide_1.8.0/stm32cubeide/plugins/com.st.stm32cube.ide.mcu.externaltools.gnu-tools-for-stm32.10.3-2021.10.win32_1.0.0.202111181127/tools/bin/../lib/gcc/arm-none-eabi/10.3.1/../../../../arm-none-eabi/lib/thumb/v7e-m+fp/hard\libc_nano.a(lib_a-gdtoa-hexnan.o)
                0x00000000080084a0                __hexnan
 .text._localeconv_r
                0x00000000080085d8        0x8 c:/st/stm32cubeide_1.8.0/stm32cubeide/plugins/com.st.stm32cube.ide.mcu.externaltools.gnu-tools-for-stm32.10.3-2021.10.win32_1.0.0.202111181127/tools/bin/../lib/gcc/arm-none-eabi/10.3.1/../../../../arm-none-eabi/lib/thumb/v7e-m+fp/hard\libc_nano.a(lib_a-localeconv.o)
                0x00000000080085d8                _localeconv_r
 .text.__retarget_lock_init_recursive
                0x00000000080085e0        0x2 c:/st/stm32cubeide_1.8.0/stm32cubeide/plugins/com.st.stm32cube.ide.mcu.externaltools.gnu-tools-for-stm32.10.3-2021.10.win32_1.0.0.202111181127/tools/bin/../lib/gcc/arm-none-eabi/10.3.1/../../../../arm-none-eabi/lib/thumb/v7e-m+fp/hard\libc_nano.a(lib_a-lock.o)
                0x00000000080085e0                __retarget_lock_init_recursive
 .text.__retarget_lock_acquire_recursive
                0x00000000080085e2        0x2 c:/st/stm32cubeide_1.8.0/stm32cubeide/plugins/com.st.stm32cube.ide.mcu.externaltools.gnu-tools-for-stm32.10.3-2021.10.win32_1.0.0.202111181127/tools/bin/../lib/gcc/arm-none-eabi/10.3.1/../../../../arm-none-eabi/lib/thumb/v7e-m+fp/hard\libc_nano.a(lib_a-lock.o)
                0x00000000080085e2                __retarget_lock_acquire_recursive
 .text.__retarget_lock_release_recursive
                0x00000000080085e4        0x2 c:/st/stm32cubeide_1.8.0/stm32cubeide/plugins/com.st.stm32cube.ide.mcu.externaltools.gnu-tools-for-stm32.10.3-2021.10.win32_1.0.0.202111181127/tools/bin/../lib/gcc/arm-none-eabi/10.3.1/../../../../arm-none-eabi/lib/thumb/v7e-m+fp/hard\libc_nano.a(lib_a-lock.o)
                0x00000000080085e4                __retarget_lock_release_recursive
 .text.__swhatbuf_r
                0x00000000080085e6       0x4a c:/st/stm32cubeide_1.8.0/stm32cubeide/plugins/com.st.stm32cube.ide.mcu.externaltools.gnu-tools-for-stm32.10.3-2021.10.win32_1.0.0.202111181127/tools/bin/../lib/gcc/arm-none-eabi/10.3.1/../../../../arm-none-eabi/lib/thumb/v7e-m+fp/hard\libc_nano.a(lib_a-makebuf.o)
                0x00000000080085e6                __swhatbuf_r
 .text.__smakebuf_r
                0x0000000008008630       0x80 c:/st/stm32cubeide_1.8.0/stm32cubeide/plugins/com.st.stm32cube.ide.mcu.externaltools.gnu-tools-for-stm32.10.3-2021.10.win32_1.0.0.202111181127/tools/bin/../lib/gcc/arm-none-eabi/10.3.1/../../../../arm-none-eabi/lib/thumb/v7e-m+fp/hard\libc_nano.a(lib_a-makebuf.o)
                0x0000000008008630                __smakebuf_r
 .text.malloc   0x00000000080086b0       0x10 c:/st/stm32cubeide_1.8.0/stm32cubeide/plugins/com.st.stm32cube.ide.mcu.externaltools.gnu-tools-for-stm32.10.3-2021.10.win32_1.0.0.202111181127/tools/bin/../lib/gcc/arm-none-eabi/10.3.1/../../../../arm-none-eabi/lib/thumb/v7e-m+fp/hard\libc_nano.a(lib_a-malloc.o)
                0x00000000080086b0                malloc
 .text.__ascii_mbtowc
                0x00000000080086c0       0x24 c:/st/stm32cubeide_1.8.0/stm32cubeide/plugins/com.st.stm32cube.ide.mcu.externaltools.gnu-tools-for-stm32.10.3-2021.10.win32_1.0.0.202111181127/tools/bin/../lib/gcc/arm-none-eabi/10.3.1/../../../../arm-none-eabi/lib/thumb/v7e-m+fp/hard\libc_nano.a(lib_a-mbtowc_r.o)
                0x00000000080086c0                __ascii_mbtowc
 .text.memcpy   0x00000000080086e4       0x1c c:/st/stm32cubeide_1.8.0/stm32cubeide/plugins/com.st.stm32cube.ide.mcu.externaltools.gnu-tools-for-stm32.10.3-2021.10.win32_1.0.0.202111181127/tools/bin/../lib/gcc/arm-none-eabi/10.3.1/../../../../arm-none-eabi/lib/thumb/v7e-m+fp/hard\libc_nano.a(lib_a-memcpy-stub.o)
                0x00000000080086e4                memcpy
 .text._Balloc  0x0000000008008700       0x80 c:/st/stm32cubeide_1.8.0/stm32cubeide/plugins/com.st.stm32cube.ide.mcu.externaltools.gnu-tools-for-stm32.10.3-2021.10.win32_1.0.0.202111181127/tools/bin/../lib/gcc/arm-none-eabi/10.3.1/../../../../arm-none-eabi/lib/thumb/v7e-m+fp/hard\libc_nano.a(lib_a-mprec.o)
                0x0000000008008700                _Balloc
 .text._Bfree   0x0000000008008780       0x44 c:/st/stm32cubeide_1.8.0/stm32cubeide/plugins/com.st.stm32cube.ide.mcu.externaltools.gnu-tools-for-stm32.10.3-2021.10.win32_1.0.0.202111181127/tools/bin/../lib/gcc/arm-none-eabi/10.3.1/../../../../arm-none-eabi/lib/thumb/v7e-m+fp/hard\libc_nano.a(lib_a-mprec.o)
                0x0000000008008780                _Bfree
 .text.__multadd
                0x00000000080087c4       0x8c c:/st/stm32cubeide_1.8.0/stm32cubeide/plugins/com.st.stm32cube.ide.mcu.externaltools.gnu-tools-for-stm32.10.3-2021.10.win32_1.0.0.202111181127/tools/bin/../lib/gcc/arm-none-eabi/10.3.1/../../../../arm-none-eabi/lib/thumb/v7e-m+fp/hard\libc_nano.a(lib_a-mprec.o)
                0x00000000080087c4                __multadd
 .text.__s2b    0x0000000008008850       0x94 c:/st/stm32cubeide_1.8.0/stm32cubeide/plugins/com.st.stm32cube.ide.mcu.externaltools.gnu-tools-for-stm32.10.3-2021.10.win32_1.0.0.202111181127/tools/bin/../lib/gcc/arm-none-eabi/10.3.1/../../../../arm-none-eabi/lib/thumb/v7e-m+fp/hard\libc_nano.a(lib_a-mprec.o)
                0x0000000008008850                __s2b
 .text.__hi0bits
                0x00000000080088e4       0x40 c:/st/stm32cubeide_1.8.0/stm32cubeide/plugins/com.st.stm32cube.ide.mcu.externaltools.gnu-tools-for-stm32.10.3-2021.10.win32_1.0.0.202111181127/tools/bin/../lib/gcc/arm-none-eabi/10.3.1/../../../../arm-none-eabi/lib/thumb/v7e-m+fp/hard\libc_nano.a(lib_a-mprec.o)
                0x00000000080088e4                __hi0bits
 .text.__lo0bits
                0x0000000008008924       0x5e c:/st/stm32cubeide_1.8.0/stm32cubeide/plugins/com.st.stm32cube.ide.mcu.externaltools.gnu-tools-for-stm32.10.3-2021.10.win32_1.0.0.202111181127/tools/bin/../lib/gcc/arm-none-eabi/10.3.1/../../../../arm-none-eabi/lib/thumb/v7e-m+fp/hard\libc_nano.a(lib_a-mprec.o)
                0x0000000008008924                __lo0bits
 *fill*         0x0000000008008982        0x2 
 .text.__i2b    0x0000000008008984       0x2c c:/st/stm32cubeide_1.8.0/stm32cubeide/plugins/com.st.stm32cube.ide.mcu.externaltools.gnu-tools-for-stm32.10.3-2021.10.win32_1.0.0.202111181127/tools/bin/../lib/gcc/arm-none-eabi/10.3.1/../../../../arm-none-eabi/lib/thumb/v7e-m+fp/hard\libc_nano.a(lib_a-mprec.o)
                0x0000000008008984                __i2b
 .text.__multiply
                0x00000000080089b0      0x154 c:/st/stm32cubeide_1.8.0/stm32cubeide/plugins/com.st.stm32cube.ide.mcu.externaltools.gnu-tools-for-stm32.10.3-2021.10.win32_1.0.0.202111181127/tools/bin/../lib/gcc/arm-none-eabi/10.3.1/../../../../arm-none-eabi/lib/thumb/v7e-m+fp/hard\libc_nano.a(lib_a-mprec.o)
                0x00000000080089b0                __multiply
 .text.__pow5mult
                0x0000000008008b04       0xb4 c:/st/stm32cubeide_1.8.0/stm32cubeide/plugins/com.st.stm32cube.ide.mcu.externaltools.gnu-tools-for-stm32.10.3-2021.10.win32_1.0.0.202111181127/tools/bin/../lib/gcc/arm-none-eabi/10.3.1/../../../../arm-none-eabi/lib/thumb/v7e-m+fp/hard\libc_nano.a(lib_a-mprec.o)
                0x0000000008008b04                __pow5mult
 .text.__lshift
                0x0000000008008bb8       0xe0 c:/st/stm32cubeide_1.8.0/stm32cubeide/plugins/com.st.stm32cube.ide.mcu.externaltools.gnu-tools-for-stm32.10.3-2021.10.win32_1.0.0.202111181127/tools/bin/../lib/gcc/arm-none-eabi/10.3.1/../../../../arm-none-eabi/lib/thumb/v7e-m+fp/hard\libc_nano.a(lib_a-mprec.o)
                0x0000000008008bb8                __lshift
 .text.__mcmp   0x0000000008008c98       0x38 c:/st/stm32cubeide_1.8.0/stm32cubeide/plugins/com.st.stm32cube.ide.mcu.externaltools.gnu-tools-for-stm32.10.3-2021.10.win32_1.0.0.202111181127/tools/bin/../lib/gcc/arm-none-eabi/10.3.1/../../../../arm-none-eabi/lib/thumb/v7e-m+fp/hard\libc_nano.a(lib_a-mprec.o)
                0x0000000008008c98                __mcmp
 .text.__mdiff  0x0000000008008cd0      0x114 c:/st/stm32cubeide_1.8.0/stm32cubeide/plugins/com.st.stm32cube.ide.mcu.externaltools.gnu-tools-for-stm32.10.3-2021.10.win32_1.0.0.202111181127/tools/bin/../lib/gcc/arm-none-eabi/10.3.1/../../../../arm-none-eabi/lib/thumb/v7e-m+fp/hard\libc_nano.a(lib_a-mprec.o)
                0x0000000008008cd0                __mdiff
 .text.__ulp    0x0000000008008de4       0x58 c:/st/stm32cubeide_1.8.0/stm32cubeide/plugins/com.st.stm32cube.ide.mcu.externaltools.gnu-tools-for-stm32.10.3-2021.10.win32_1.0.0.202111181127/tools/bin/../lib/gcc/arm-none-eabi/10.3.1/../../../../arm-none-eabi/lib/thumb/v7e-m+fp/hard\libc_nano.a(lib_a-mprec.o)
                0x0000000008008de4                __ulp
 .text.__b2d    0x0000000008008e3c       0xa0 c:/st/stm32cubeide_1.8.0/stm32cubeide/plugins/com.st.stm32cube.ide.mcu.externaltools.gnu-tools-for-stm32.10.3-2021.10.win32_1.0.0.202111181127/tools/bin/../lib/gcc/arm-none-eabi/10.3.1/../../../../arm-none-eabi/lib/thumb/v7e-m+fp/hard\libc_nano.a(lib_a-mprec.o)
                0x0000000008008e3c                __b2d
 .text.__d2b    0x0000000008008edc       0xb8 c:/st/stm32cubeide_1.8.0/stm32cubeide/plugins/com.st.stm32cube.ide.mcu.externaltools.gnu-tools-for-stm32.10.3-2021.10.win32_1.0.0.202111181127/tools/bin/../lib/gcc/arm-none-eabi/10.3.1/../../../../arm-none-eabi/lib/thumb/v7e-m+fp/hard\libc_nano.a(lib_a-mprec.o)
                0x0000000008008edc                __d2b
 .text.__ratio  0x0000000008008f94       0x66 c:/st/stm32cubeide_1.8.0/stm32cubeide/plugins/com.st.stm32cube.ide.mcu.externaltools.gnu-tools-for-stm32.10.3-2021.10.win32_1.0.0.202111181127/tools/bin/../lib/gcc/arm-none-eabi/10.3.1/../../../../arm-none-eabi/lib/thumb/v7e-m+fp/hard\libc_nano.a(lib_a-mprec.o)
                0x0000000008008f94                __ratio
 .text.__copybits
                0x0000000008008ffa       0x46 c:/st/stm32cubeide_1.8.0/stm32cubeide/plugins/com.st.stm32cube.ide.mcu.externaltools.gnu-tools-for-stm32.10.3-2021.10.win32_1.0.0.202111181127/tools/bin/../lib/gcc/arm-none-eabi/10.3.1/../../../../arm-none-eabi/lib/thumb/v7e-m+fp/hard\libc_nano.a(lib_a-mprec.o)
                0x0000000008008ffa                __copybits
 .text.__any_on
                0x0000000008009040       0x42 c:/st/stm32cubeide_1.8.0/stm32cubeide/plugins/com.st.stm32cube.ide.mcu.externaltools.gnu-tools-for-stm32.10.3-2021.10.win32_1.0.0.202111181127/tools/bin/../lib/gcc/arm-none-eabi/10.3.1/../../../../arm-none-eabi/lib/thumb/v7e-m+fp/hard\libc_nano.a(lib_a-mprec.o)
                0x0000000008009040                __any_on
 .text._calloc_r
                0x0000000008009082       0x2c c:/st/stm32cubeide_1.8.0/stm32cubeide/plugins/com.st.stm32cube.ide.mcu.externaltools.gnu-tools-for-stm32.10.3-2021.10.win32_1.0.0.202111181127/tools/bin/../lib/gcc/arm-none-eabi/10.3.1/../../../../arm-none-eabi/lib/thumb/v7e-m+fp/hard\libc_nano.a(lib_a-nano-callocr.o)
                0x0000000008009082                _calloc_r
 *fill*         0x00000000080090ae        0x2 
 .text._free_r  0x00000000080090b0       0x98 c:/st/stm32cubeide_1.8.0/stm32cubeide/plugins/com.st.stm32cube.ide.mcu.externaltools.gnu-tools-for-stm32.10.3-2021.10.win32_1.0.0.202111181127/tools/bin/../lib/gcc/arm-none-eabi/10.3.1/../../../../arm-none-eabi/lib/thumb/v7e-m+fp/hard\libc_nano.a(lib_a-nano-freer.o)
                0x00000000080090b0                _free_r
 .text.sbrk_aligned
                0x0000000008009148       0x40 c:/st/stm32cubeide_1.8.0/stm32cubeide/plugins/com.st.stm32cube.ide.mcu.externaltools.gnu-tools-for-stm32.10.3-2021.10.win32_1.0.0.202111181127/tools/bin/../lib/gcc/arm-none-eabi/10.3.1/../../../../arm-none-eabi/lib/thumb/v7e-m+fp/hard\libc_nano.a(lib_a-nano-mallocr.o)
 .text._malloc_r
                0x0000000008009188       0xe8 c:/st/stm32cubeide_1.8.0/stm32cubeide/plugins/com.st.stm32cube.ide.mcu.externaltools.gnu-tools-for-stm32.10.3-2021.10.win32_1.0.0.202111181127/tools/bin/../lib/gcc/arm-none-eabi/10.3.1/../../../../arm-none-eabi/lib/thumb/v7e-m+fp/hard\libc_nano.a(lib_a-nano-mallocr.o)
                0x0000000008009188                _malloc_r
 .text.__ssputs_r
                0x0000000008009270       0xb6 c:/st/stm32cubeide_1.8.0/stm32cubeide/plugins/com.st.stm32cube.ide.mcu.externaltools.gnu-tools-for-stm32.10.3-2021.10.win32_1.0.0.202111181127/tools/bin/../lib/gcc/arm-none-eabi/10.3.1/../../../../arm-none-eabi/lib/thumb/v7e-m+fp/hard\libc_nano.a(lib_a-nano-svfprintf.o)
                0x0000000008009270                __ssputs_r
 *fill*         0x0000000008009326        0x2 
 .text._svfprintf_r
                0x0000000008009328      0x200 c:/st/stm32cubeide_1.8.0/stm32cubeide/plugins/com.st.stm32cube.ide.mcu.externaltools.gnu-tools-for-stm32.10.3-2021.10.win32_1.0.0.202111181127/tools/bin/../lib/gcc/arm-none-eabi/10.3.1/../../../../arm-none-eabi/lib/thumb/v7e-m+fp/hard\libc_nano.a(lib_a-nano-svfprintf.o)
                0x0000000008009328                _svfiprintf_r
                0x0000000008009328                _svfprintf_r
 .text.__sfputc_r
                0x0000000008009528       0x2e c:/st/stm32cubeide_1.8.0/stm32cubeide/plugins/com.st.stm32cube.ide.mcu.externaltools.gnu-tools-for-stm32.10.3-2021.10.win32_1.0.0.202111181127/tools/bin/../lib/gcc/arm-none-eabi/10.3.1/../../../../arm-none-eabi/lib/thumb/v7e-m+fp/hard\libc_nano.a(lib_a-nano-vfprintf.o)
 .text.__sfputs_r
                0x0000000008009556       0x24 c:/st/stm32cubeide_1.8.0/stm32cubeide/plugins/com.st.stm32cube.ide.mcu.externaltools.gnu-tools-for-stm32.10.3-2021.10.win32_1.0.0.202111181127/tools/bin/../lib/gcc/arm-none-eabi/10.3.1/../../../../arm-none-eabi/lib/thumb/v7e-m+fp/hard\libc_nano.a(lib_a-nano-vfprintf.o)
                0x0000000008009556                __sfputs_r
 *fill*         0x000000000800957a        0x2 
 .text._vfprintf_r
                0x000000000800957c      0x260 c:/st/stm32cubeide_1.8.0/stm32cubeide/plugins/com.st.stm32cube.ide.mcu.externaltools.gnu-tools-for-stm32.10.3-2021.10.win32_1.0.0.202111181127/tools/bin/../lib/gcc/arm-none-eabi/10.3.1/../../../../arm-none-eabi/lib/thumb/v7e-m+fp/hard\libc_nano.a(lib_a-nano-vfprintf.o)
                0x000000000800957c                _vfprintf_r
                0x000000000800957c                _vfiprintf_r
 *fill*         0x00000000080097dc        0x4 
 .text.nan      0x00000000080097e0       0x10 c:/st/stm32cubeide_1.8.0/stm32cubeide/plugins/com.st.stm32cube.ide.mcu.externaltools.gnu-tools-for-stm32.10.3-2021.10.win32_1.0.0.202111181127/tools/bin/../lib/gcc/arm-none-eabi/10.3.1/../../../../arm-none-eabi/lib/thumb/v7e-m+fp/hard\libc_nano.a(lib_a-s_nan.o)
                0x00000000080097e0                nan
 .text._sbrk_r  0x00000000080097f0       0x20 c:/st/stm32cubeide_1.8.0/stm32cubeide/plugins/com.st.stm32cube.ide.mcu.externaltools.gnu-tools-for-stm32.10.3-2021.10.win32_1.0.0.202111181127/tools/bin/../lib/gcc/arm-none-eabi/10.3.1/../../../../arm-none-eabi/lib/thumb/v7e-m+fp/hard\libc_nano.a(lib_a-sbrkr.o)
                0x00000000080097f0                _sbrk_r
 .text.__sread  0x0000000008009810       0x22 c:/st/stm32cubeide_1.8.0/stm32cubeide/plugins/com.st.stm32cube.ide.mcu.externaltools.gnu-tools-for-stm32.10.3-2021.10.win32_1.0.0.202111181127/tools/bin/../lib/gcc/arm-none-eabi/10.3.1/../../../../arm-none-eabi/lib/thumb/v7e-m+fp/hard\libc_nano.a(lib_a-stdio.o)
                0x0000000008009810                __sread
 .text.__swrite
                0x0000000008009832       0x38 c:/st/stm32cubeide_1.8.0/stm32cubeide/plugins/com.st.stm32cube.ide.mcu.externaltools.gnu-tools-for-stm32.10.3-2021.10.win32_1.0.0.202111181127/tools/bin/../lib/gcc/arm-none-eabi/10.3.1/../../../../arm-none-eabi/lib/thumb/v7e-m+fp/hard\libc_nano.a(lib_a-stdio.o)
                0x0000000008009832                __swrite
 .text.__sseek  0x000000000800986a       0x24 c:/st/stm32cubeide_1.8.0/stm32cubeide/plugins/com.st.stm32cube.ide.mcu.externaltools.gnu-tools-for-stm32.10.3-2021.10.win32_1.0.0.202111181127/tools/bin/../lib/gcc/arm-none-eabi/10.3.1/../../../../arm-none-eabi/lib/thumb/v7e-m+fp/hard\libc_nano.a(lib_a-stdio.o)
                0x000000000800986a                __sseek
 .text.__sclose
                0x000000000800988e        0x8 c:/st/stm32cubeide_1.8.0/stm32cubeide/plugins/com.st.stm32cube.ide.mcu.externaltools.gnu-tools-for-stm32.10.3-2021.10.win32_1.0.0.202111181127/tools/bin/../lib/gcc/arm-none-eabi/10.3.1/../../../../arm-none-eabi/lib/thumb/v7e-m+fp/hard\libc_nano.a(lib_a-stdio.o)
                0x000000000800988e                __sclose
 .text.strncmp  0x0000000008009896       0x28 c:/st/stm32cubeide_1.8.0/stm32cubeide/plugins/com.st.stm32cube.ide.mcu.externaltools.gnu-tools-for-stm32.10.3-2021.10.win32_1.0.0.202111181127/tools/bin/../lib/gcc/arm-none-eabi/10.3.1/../../../../arm-none-eabi/lib/thumb/v7e-m+fp/hard\libc_nano.a(lib_a-strncmp.o)
                0x0000000008009896                strncmp
 .text.__ascii_wctomb
                0x00000000080098be       0x1a c:/st/stm32cubeide_1.8.0/stm32cubeide/plugins/com.st.stm32cube.ide.mcu.externaltools.gnu-tools-for-stm32.10.3-2021.10.win32_1.0.0.202111181127/tools/bin/../lib/gcc/arm-none-eabi/10.3.1/../../../../arm-none-eabi/lib/thumb/v7e-m+fp/hard\libc_nano.a(lib_a-wctomb_r.o)
                0x00000000080098be                __ascii_wctomb
 .text._write_r
                0x00000000080098d8       0x24 c:/st/stm32cubeide_1.8.0/stm32cubeide/plugins/com.st.stm32cube.ide.mcu.externaltools.gnu-tools-for-stm32.10.3-2021.10.win32_1.0.0.202111181127/tools/bin/../lib/gcc/arm-none-eabi/10.3.1/../../../../arm-none-eabi/lib/thumb/v7e-m+fp/hard\libc_nano.a(lib_a-writer.o)
                0x00000000080098d8                _write_r
 .text.__assert_func
                0x00000000080098fc       0x3c c:/st/stm32cubeide_1.8.0/stm32cubeide/plugins/com.st.stm32cube.ide.mcu.externaltools.gnu-tools-for-stm32.10.3-2021.10.win32_1.0.0.202111181127/tools/bin/../lib/gcc/arm-none-eabi/10.3.1/../../../../arm-none-eabi/lib/thumb/v7e-m+fp/hard\libc_nano.a(lib_a-assert.o)
                0x00000000080098fc                __assert_func
 .text._close_r
                0x0000000008009938       0x20 c:/st/stm32cubeide_1.8.0/stm32cubeide/plugins/com.st.stm32cube.ide.mcu.externaltools.gnu-tools-for-stm32.10.3-2021.10.win32_1.0.0.202111181127/tools/bin/../lib/gcc/arm-none-eabi/10.3.1/../../../../arm-none-eabi/lib/thumb/v7e-m+fp/hard\libc_nano.a(lib_a-closer.o)
                0x0000000008009938                _close_r
 .text.fprintf  0x0000000008009958       0x24 c:/st/stm32cubeide_1.8.0/stm32cubeide/plugins/com.st.stm32cube.ide.mcu.externaltools.gnu-tools-for-stm32.10.3-2021.10.win32_1.0.0.202111181127/tools/bin/../lib/gcc/arm-none-eabi/10.3.1/../../../../arm-none-eabi/lib/thumb/v7e-m+fp/hard\libc_nano.a(lib_a-fprintf.o)
                0x0000000008009958                fiprintf
                0x0000000008009958                fprintf
 .text._fstat_r
                0x000000000800997c       0x24 c:/st/stm32cubeide_1.8.0/stm32cubeide/plugins/com.st.stm32cube.ide.mcu.externaltools.gnu-tools-for-stm32.10.3-2021.10.win32_1.0.0.202111181127/tools/bin/../lib/gcc/arm-none-eabi/10.3.1/../../../../arm-none-eabi/lib/thumb/v7e-m+fp/hard\libc_nano.a(lib_a-fstatr.o)
                0x000000000800997c                _fstat_r
 .text._isatty_r
                0x00000000080099a0       0x20 c:/st/stm32cubeide_1.8.0/stm32cubeide/plugins/com.st.stm32cube.ide.mcu.externaltools.gnu-tools-for-stm32.10.3-2021.10.win32_1.0.0.202111181127/tools/bin/../lib/gcc/arm-none-eabi/10.3.1/../../../../arm-none-eabi/lib/thumb/v7e-m+fp/hard\libc_nano.a(lib_a-isattyr.o)
                0x00000000080099a0                _isatty_r
 .text._lseek_r
                0x00000000080099c0       0x24 c:/st/stm32cubeide_1.8.0/stm32cubeide/plugins/com.st.stm32cube.ide.mcu.externaltools.gnu-tools-for-stm32.10.3-2021.10.win32_1.0.0.202111181127/tools/bin/../lib/gcc/arm-none-eabi/10.3.1/../../../../arm-none-eabi/lib/thumb/v7e-m+fp/hard\libc_nano.a(lib_a-lseekr.o)
                0x00000000080099c0                _lseek_r
 .text.memmove  0x00000000080099e4       0x34 c:/st/stm32cubeide_1.8.0/stm32cubeide/plugins/com.st.stm32cube.ide.mcu.externaltools.gnu-tools-for-stm32.10.3-2021.10.win32_1.0.0.202111181127/tools/bin/../lib/gcc/arm-none-eabi/10.3.1/../../../../arm-none-eabi/lib/thumb/v7e-m+fp/hard\libc_nano.a(lib_a-memmove.o)
                0x00000000080099e4                memmove
 .text.__malloc_lock
                0x0000000008009a18        0xc c:/st/stm32cubeide_1.8.0/stm32cubeide/plugins/com.st.stm32cube.ide.mcu.externaltools.gnu-tools-for-stm32.10.3-2021.10.win32_1.0.0.202111181127/tools/bin/../lib/gcc/arm-none-eabi/10.3.1/../../../../arm-none-eabi/lib/thumb/v7e-m+fp/hard\libc_nano.a(lib_a-mlock.o)
                0x0000000008009a18                __malloc_lock
 .text.__malloc_unlock
                0x0000000008009a24        0xc c:/st/stm32cubeide_1.8.0/stm32cubeide/plugins/com.st.stm32cube.ide.mcu.externaltools.gnu-tools-for-stm32.10.3-2021.10.win32_1.0.0.202111181127/tools/bin/../lib/gcc/arm-none-eabi/10.3.1/../../../../arm-none-eabi/lib/thumb/v7e-m+fp/hard\libc_nano.a(lib_a-mlock.o)
                0x0000000008009a24                __malloc_unlock
 .text._realloc_r
                0x0000000008009a30       0x5e c:/st/stm32cubeide_1.8.0/stm32cubeide/plugins/com.st.stm32cube.ide.mcu.externaltools.gnu-tools-for-stm32.10.3-2021.10.win32_1.0.0.202111181127/tools/bin/../lib/gcc/arm-none-eabi/10.3.1/../../../../arm-none-eabi/lib/thumb/v7e-m+fp/hard\libc_nano.a(lib_a-nano-reallocr.o)
                0x0000000008009a30                _realloc_r
 *fill*         0x0000000008009a8e        0x2 
 .text._read_r  0x0000000008009a90       0x24 c:/st/stm32cubeide_1.8.0/stm32cubeide/plugins/com.st.stm32cube.ide.mcu.externaltools.gnu-tools-for-stm32.10.3-2021.10.win32_1.0.0.202111181127/tools/bin/../lib/gcc/arm-none-eabi/10.3.1/../../../../arm-none-eabi/lib/thumb/v7e-m+fp/hard\libc_nano.a(lib_a-readr.o)
                0x0000000008009a90                _read_r
 .text.abort    0x0000000008009ab4        0xe c:/st/stm32cubeide_1.8.0/stm32cubeide/plugins/com.st.stm32cube.ide.mcu.externaltools.gnu-tools-for-stm32.10.3-2021.10.win32_1.0.0.202111181127/tools/bin/../lib/gcc/arm-none-eabi/10.3.1/../../../../arm-none-eabi/lib/thumb/v7e-m+fp/hard\libc_nano.a(lib_a-abort.o)
                0x0000000008009ab4                abort
 .text._malloc_usable_size_r
                0x0000000008009ac2       0x10 c:/st/stm32cubeide_1.8.0/stm32cubeide/plugins/com.st.stm32cube.ide.mcu.externaltools.gnu-tools-for-stm32.10.3-2021.10.win32_1.0.0.202111181127/tools/bin/../lib/gcc/arm-none-eabi/10.3.1/../../../../arm-none-eabi/lib/thumb/v7e-m+fp/hard\libc_nano.a(lib_a-nano-msizer.o)
                0x0000000008009ac2                _malloc_usable_size_r
 .text._raise_r
                0x0000000008009ad2       0x50 c:/st/stm32cubeide_1.8.0/stm32cubeide/plugins/com.st.stm32cube.ide.mcu.externaltools.gnu-tools-for-stm32.10.3-2021.10.win32_1.0.0.202111181127/tools/bin/../lib/gcc/arm-none-eabi/10.3.1/../../../../arm-none-eabi/lib/thumb/v7e-m+fp/hard\libc_nano.a(lib_a-signal.o)
                0x0000000008009ad2                _raise_r
 *fill*         0x0000000008009b22        0x2 
 .text.raise    0x0000000008009b24       0x10 c:/st/stm32cubeide_1.8.0/stm32cubeide/plugins/com.st.stm32cube.ide.mcu.externaltools.gnu-tools-for-stm32.10.3-2021.10.win32_1.0.0.202111181127/tools/bin/../lib/gcc/arm-none-eabi/10.3.1/../../../../arm-none-eabi/lib/thumb/v7e-m+fp/hard\libc_nano.a(lib_a-signal.o)
                0x0000000008009b24                raise
 .text._kill_r  0x0000000008009b34       0x24 c:/st/stm32cubeide_1.8.0/stm32cubeide/plugins/com.st.stm32cube.ide.mcu.externaltools.gnu-tools-for-stm32.10.3-2021.10.win32_1.0.0.202111181127/tools/bin/../lib/gcc/arm-none-eabi/10.3.1/../../../../arm-none-eabi/lib/thumb/v7e-m+fp/hard\libc_nano.a(lib_a-signalr.o)
                0x0000000008009b34                _kill_r
 .text._getpid_r
                0x0000000008009b58        0x4 c:/st/stm32cubeide_1.8.0/stm32cubeide/plugins/com.st.stm32cube.ide.mcu.externaltools.gnu-tools-for-stm32.10.3-2021.10.win32_1.0.0.202111181127/tools/bin/../lib/gcc/arm-none-eabi/10.3.1/../../../../arm-none-eabi/lib/thumb/v7e-m+fp/hard\libc_nano.a(lib_a-signalr.o)
                0x0000000008009b58                _getpid_r
 *(.glue_7)
 .glue_7        0x0000000008009b5c        0x0 linker stubs
 *(.glue_7t)
 .glue_7t       0x0000000008009b5c        0x0 linker stubs
 *(.eh_frame)
 .eh_frame      0x0000000008009b5c        0x0 c:/st/stm32cubeide_1.8.0/stm32cubeide/plugins/com.st.stm32cube.ide.mcu.externaltools.gnu-tools-for-stm32.10.3-2021.10.win32_1.0.0.202111181127/tools/bin/../lib/gcc/arm-none-eabi/10.3.1/thumb/v7e-m+fp/hard/crtbegin.o
 *(.init)
 .init          0x0000000008009b5c        0x4 c:/st/stm32cubeide_1.8.0/stm32cubeide/plugins/com.st.stm32cube.ide.mcu.externaltools.gnu-tools-for-stm32.10.3-2021.10.win32_1.0.0.202111181127/tools/bin/../lib/gcc/arm-none-eabi/10.3.1/thumb/v7e-m+fp/hard/crti.o
                0x0000000008009b5c                _init
 .init          0x0000000008009b60        0x8 c:/st/stm32cubeide_1.8.0/stm32cubeide/plugins/com.st.stm32cube.ide.mcu.externaltools.gnu-tools-for-stm32.10.3-2021.10.win32_1.0.0.202111181127/tools/bin/../lib/gcc/arm-none-eabi/10.3.1/thumb/v7e-m+fp/hard/crtn.o
 *(.fini)
 .fini          0x0000000008009b68        0x4 c:/st/stm32cubeide_1.8.0/stm32cubeide/plugins/com.st.stm32cube.ide.mcu.externaltools.gnu-tools-for-stm32.10.3-2021.10.win32_1.0.0.202111181127/tools/bin/../lib/gcc/arm-none-eabi/10.3.1/thumb/v7e-m+fp/hard/crti.o
                0x0000000008009b68                _fini
 .fini          0x0000000008009b6c        0x8 c:/st/stm32cubeide_1.8.0/stm32cubeide/plugins/com.st.stm32cube.ide.mcu.externaltools.gnu-tools-for-stm32.10.3-2021.10.win32_1.0.0.202111181127/tools/bin/../lib/gcc/arm-none-eabi/10.3.1/thumb/v7e-m+fp/hard/crtn.o
                0x0000000008009b74                . = ALIGN (0x4)
                0x0000000008009b74                _etext = .

.vfp11_veneer   0x0000000008009b74        0x0
 .vfp11_veneer  0x0000000008009b74        0x0 linker stubs

.v4_bx          0x0000000008009b74        0x0
 .v4_bx         0x0000000008009b74        0x0 linker stubs

.iplt           0x0000000008009b74        0x0
 .iplt          0x0000000008009b74        0x0 c:/st/stm32cubeide_1.8.0/stm32cubeide/plugins/com.st.stm32cube.ide.mcu.externaltools.gnu-tools-for-stm32.10.3-2021.10.win32_1.0.0.202111181127/tools/bin/../lib/gcc/arm-none-eabi/10.3.1/thumb/v7e-m+fp/hard/crtbegin.o

.rodata         0x0000000008009b78      0x6b4
                0x0000000008009b78                . = ALIGN (0x4)
 *(.rodata)
 .rodata        0x0000000008009b78       0x4a ./Core/Src/ADXL345.o
 *fill*         0x0000000008009bc2        0x2 
 .rodata        0x0000000008009bc4       0xb1 ./Core/Src/HMC5883L.o
 *fill*         0x0000000008009c75        0x3 
 .rodata        0x0000000008009c78       0x9f ./Core/Src/HW579.o
 *fill*         0x0000000008009d17        0x1 
 .rodata        0x0000000008009d18       0x1d ./Core/Src/ITG3205.o
 *fill*         0x0000000008009d35        0x3 
 .rodata        0x0000000008009d38       0x1f ./Core/Src/main.o
 *(.rodata*)
 *fill*         0x0000000008009d57        0x1 
 .rodata.AHBPrescTable
                0x0000000008009d58       0x10 ./Core/Src/system_stm32f4xx.o
                0x0000000008009d58                AHBPrescTable
 .rodata.APBPrescTable
                0x0000000008009d68        0x8 ./Core/Src/system_stm32f4xx.o
                0x0000000008009d68                APBPrescTable
 .rodata.OFFSET_TAB_CCMRx
                0x0000000008009d70        0x7 ./Core/Src/tim.o
 *fill*         0x0000000008009d77        0x1 
 .rodata.SHIFT_TAB_OCxx
                0x0000000008009d78        0x7 ./Core/Src/tim.o
 *fill*         0x0000000008009d7f        0x1 
 .rodata._global_impure_ptr
                0x0000000008009d80        0x4 c:/st/stm32cubeide_1.8.0/stm32cubeide/plugins/com.st.stm32cube.ide.mcu.externaltools.gnu-tools-for-stm32.10.3-2021.10.win32_1.0.0.202111181127/tools/bin/../lib/gcc/arm-none-eabi/10.3.1/../../../../arm-none-eabi/lib/thumb/v7e-m+fp/hard\libc_nano.a(lib_a-impure.o)
                0x0000000008009d80                _global_impure_ptr
 .rodata._printf_float.str1.1
                0x0000000008009d84       0x12 c:/st/stm32cubeide_1.8.0/stm32cubeide/plugins/com.st.stm32cube.ide.mcu.externaltools.gnu-tools-for-stm32.10.3-2021.10.win32_1.0.0.202111181127/tools/bin/../lib/gcc/arm-none-eabi/10.3.1/../../../../arm-none-eabi/lib/thumb/v7e-m+fp/hard\libc_nano.a(lib_a-nano-vfprintf_float.o)
 .rodata._printf_i.str1.1
                0x0000000008009d96       0x22 c:/st/stm32cubeide_1.8.0/stm32cubeide/plugins/com.st.stm32cube.ide.mcu.externaltools.gnu-tools-for-stm32.10.3-2021.10.win32_1.0.0.202111181127/tools/bin/../lib/gcc/arm-none-eabi/10.3.1/../../../../arm-none-eabi/lib/thumb/v7e-m+fp/hard\libc_nano.a(lib_a-nano-vfprintf_i.o)
 .rodata._scanf_float.str1.1
                0x0000000008009db8        0x5 c:/st/stm32cubeide_1.8.0/stm32cubeide/plugins/com.st.stm32cube.ide.mcu.externaltools.gnu-tools-for-stm32.10.3-2021.10.win32_1.0.0.202111181127/tools/bin/../lib/gcc/arm-none-eabi/10.3.1/../../../../arm-none-eabi/lib/thumb/v7e-m+fp/hard\libc_nano.a(lib_a-nano-vfscanf_float.o)
                                          0x6 (size before relaxing)
 .rodata._strtod_l.str1.1
                0x0000000008009dbd        0x5 c:/st/stm32cubeide_1.8.0/stm32cubeide/plugins/com.st.stm32cube.ide.mcu.externaltools.gnu-tools-for-stm32.10.3-2021.10.win32_1.0.0.202111181127/tools/bin/../lib/gcc/arm-none-eabi/10.3.1/../../../../arm-none-eabi/lib/thumb/v7e-m+fp/hard\libc_nano.a(lib_a-strtod.o)
                                          0xd (size before relaxing)
 *fill*         0x0000000008009dbd        0x3 
 .rodata.fpi.1  0x0000000008009dc0       0x14 c:/st/stm32cubeide_1.8.0/stm32cubeide/plugins/com.st.stm32cube.ide.mcu.externaltools.gnu-tools-for-stm32.10.3-2021.10.win32_1.0.0.202111181127/tools/bin/../lib/gcc/arm-none-eabi/10.3.1/../../../../arm-none-eabi/lib/thumb/v7e-m+fp/hard\libc_nano.a(lib_a-strtod.o)
 .rodata.fpinan.0
                0x0000000008009dd4       0x14 c:/st/stm32cubeide_1.8.0/stm32cubeide/plugins/com.st.stm32cube.ide.mcu.externaltools.gnu-tools-for-stm32.10.3-2021.10.win32_1.0.0.202111181127/tools/bin/../lib/gcc/arm-none-eabi/10.3.1/../../../../arm-none-eabi/lib/thumb/v7e-m+fp/hard\libc_nano.a(lib_a-strtod.o)
 .rodata.tinytens
                0x0000000008009de8       0x28 c:/st/stm32cubeide_1.8.0/stm32cubeide/plugins/com.st.stm32cube.ide.mcu.externaltools.gnu-tools-for-stm32.10.3-2021.10.win32_1.0.0.202111181127/tools/bin/../lib/gcc/arm-none-eabi/10.3.1/../../../../arm-none-eabi/lib/thumb/v7e-m+fp/hard\libc_nano.a(lib_a-strtod.o)
 .rodata._ctype_
                0x0000000008009e10      0x101 c:/st/stm32cubeide_1.8.0/stm32cubeide/plugins/com.st.stm32cube.ide.mcu.externaltools.gnu-tools-for-stm32.10.3-2021.10.win32_1.0.0.202111181127/tools/bin/../lib/gcc/arm-none-eabi/10.3.1/../../../../arm-none-eabi/lib/thumb/v7e-m+fp/hard\libc_nano.a(lib_a-ctype_.o)
                0x0000000008009e10                _ctype_
 .rodata._dtoa_r.str1.1
                0x0000000008009f11       0x90 c:/st/stm32cubeide_1.8.0/stm32cubeide/plugins/com.st.stm32cube.ide.mcu.externaltools.gnu-tools-for-stm32.10.3-2021.10.win32_1.0.0.202111181127/tools/bin/../lib/gcc/arm-none-eabi/10.3.1/../../../../arm-none-eabi/lib/thumb/v7e-m+fp/hard\libc_nano.a(lib_a-dtoa.o)
                                         0x92 (size before relaxing)
 *fill*         0x0000000008009fa1        0x3 
 .rodata.__sf_fake_stderr
                0x0000000008009fa4       0x20 c:/st/stm32cubeide_1.8.0/stm32cubeide/plugins/com.st.stm32cube.ide.mcu.externaltools.gnu-tools-for-stm32.10.3-2021.10.win32_1.0.0.202111181127/tools/bin/../lib/gcc/arm-none-eabi/10.3.1/../../../../arm-none-eabi/lib/thumb/v7e-m+fp/hard\libc_nano.a(lib_a-findfp.o)
                0x0000000008009fa4                __sf_fake_stderr
 .rodata.__sf_fake_stdin
                0x0000000008009fc4       0x20 c:/st/stm32cubeide_1.8.0/stm32cubeide/plugins/com.st.stm32cube.ide.mcu.externaltools.gnu-tools-for-stm32.10.3-2021.10.win32_1.0.0.202111181127/tools/bin/../lib/gcc/arm-none-eabi/10.3.1/../../../../arm-none-eabi/lib/thumb/v7e-m+fp/hard\libc_nano.a(lib_a-findfp.o)
                0x0000000008009fc4                __sf_fake_stdin
 .rodata.__sf_fake_stdout
                0x0000000008009fe4       0x20 c:/st/stm32cubeide_1.8.0/stm32cubeide/plugins/com.st.stm32cube.ide.mcu.externaltools.gnu-tools-for-stm32.10.3-2021.10.win32_1.0.0.202111181127/tools/bin/../lib/gcc/arm-none-eabi/10.3.1/../../../../arm-none-eabi/lib/thumb/v7e-m+fp/hard\libc_nano.a(lib_a-findfp.o)
                0x0000000008009fe4                __sf_fake_stdout
 .rodata.__gethex.str1.1
                0x000000000800a004       0x63 c:/st/stm32cubeide_1.8.0/stm32cubeide/plugins/com.st.stm32cube.ide.mcu.externaltools.gnu-tools-for-stm32.10.3-2021.10.win32_1.0.0.202111181127/tools/bin/../lib/gcc/arm-none-eabi/10.3.1/../../../../arm-none-eabi/lib/thumb/v7e-m+fp/hard\libc_nano.a(lib_a-gdtoa-gethex.o)
                                         0x74 (size before relaxing)
 .rodata.str1.1
                0x000000000800a067        0x2 c:/st/stm32cubeide_1.8.0/stm32cubeide/plugins/com.st.stm32cube.ide.mcu.externaltools.gnu-tools-for-stm32.10.3-2021.10.win32_1.0.0.202111181127/tools/bin/../lib/gcc/arm-none-eabi/10.3.1/../../../../arm-none-eabi/lib/thumb/v7e-m+fp/hard\libc_nano.a(lib_a-lnumeric.o)
                                          0x3 (size before relaxing)
 *fill*         0x000000000800a069        0x3 
 .rodata._C_numeric_locale
                0x000000000800a06c        0xc c:/st/stm32cubeide_1.8.0/stm32cubeide/plugins/com.st.stm32cube.ide.mcu.externaltools.gnu-tools-for-stm32.10.3-2021.10.win32_1.0.0.202111181127/tools/bin/../lib/gcc/arm-none-eabi/10.3.1/../../../../arm-none-eabi/lib/thumb/v7e-m+fp/hard\libc_nano.a(lib_a-lnumeric.o)
                0x000000000800a06c                _C_numeric_locale
 .rodata._setlocale_r.str1.1
                0x000000000800a078        0x8 c:/st/stm32cubeide_1.8.0/stm32cubeide/plugins/com.st.stm32cube.ide.mcu.externaltools.gnu-tools-for-stm32.10.3-2021.10.win32_1.0.0.202111181127/tools/bin/../lib/gcc/arm-none-eabi/10.3.1/../../../../arm-none-eabi/lib/thumb/v7e-m+fp/hard\libc_nano.a(lib_a-locale.o)
                                          0x9 (size before relaxing)
 .rodata.str1.1
                0x000000000800a080        0x2 c:/st/stm32cubeide_1.8.0/stm32cubeide/plugins/com.st.stm32cube.ide.mcu.externaltools.gnu-tools-for-stm32.10.3-2021.10.win32_1.0.0.202111181127/tools/bin/../lib/gcc/arm-none-eabi/10.3.1/../../../../arm-none-eabi/lib/thumb/v7e-m+fp/hard\libc_nano.a(lib_a-locale.o)
 .rodata._Balloc.str1.1
                0x000000000800a080       0x5c c:/st/stm32cubeide_1.8.0/stm32cubeide/plugins/com.st.stm32cube.ide.mcu.externaltools.gnu-tools-for-stm32.10.3-2021.10.win32_1.0.0.202111181127/tools/bin/../lib/gcc/arm-none-eabi/10.3.1/../../../../arm-none-eabi/lib/thumb/v7e-m+fp/hard\libc_nano.a(lib_a-mprec.o)
                                         0x73 (size before relaxing)
 .rodata.__multadd.str1.1