../Core/Src/ITG3205.c:12:6:Gyro_Writebyte	24	static
../Core/Src/ITG3205.c:23:9:Gyro_Readbyte	24	static
../Core/Src/ITG3205.c:39:6:Gyro_Init	16	static
../Core/Src/ITG3205.c:69:6:Read_Gyro	40	static
../Core/Src/ITG3205.c:91:6:Calibrate_Gyro	40	static
../Core/Src/ITG3205.c:123:6:Read_Gyro_Temperature	40	static
../Core/Src/ITG3205.c:143:6:Set_Gyro_ScaledFactor	32	static
../Core/Src/ITG3205.c:158:6:Set_Gyro_Offsets	24	static
../Core/Src/ITG3205.c:166:9:Get_Gyro_SampleRateDiv	16	static
../Core/Src/ITG3205.c:171:6:Set_Gyro_SampleRateDiv	16	static
../Core/Src/ITG3205.c:176:9:Get_Gyro_FSRange	24	static
../Core/Src/ITG3205.c:183:6:Set_Gyro_FSRange	24	static
../Core/Src/ITG3205.c:190:9:Get_Gyro_FilterBW	24	static
../Core/Src/ITG3205.c:197:6:Set_Gyro_FilterBW	24	static
../Core/Src/ITG3205.c:204:6:is_Gyro_INTActiveOnLow	24	static
../Core/Src/ITG3205.c:211:6:Set_Gyro_INTDriveType	24	static
../Core/Src/ITG3205.c:218:6:is_Gyro_LatchUntilCleard	24	static
../Core/Src/ITG3205.c:225:6:Set_Gyro_LatchMode	24	static
../Core/Src/ITG3205.c:232:6:is_Gyro_AnyRegClrMode	24	static
../Core/Src/ITG3205.c:239:6:Set_Gyro_LatchClearMode	24	static
../Core/Src/ITG3205.c:246:6:is_Gyro_RawDataReadyOn	24	static
../Core/Src/ITG3205.c:253:6:Set_Gyro_RawDataReady	24	static
../Core/Src/ITG3205.c:260:6:is_Gyro_ITGReady	24	static
../Core/Src/ITG3205.c:267:6:is_Gyro_RawDataReady	24	static
../Core/Src/ITG3205.c:277:6:Reset_Gyro	16	static
../Core/Src/ITG3205.c:283:6:is_Gyro_LowPower	24	static
../Core/Src/ITG3205.c:290:6:Set_Gyro_PowerMode	24	static
../Core/Src/ITG3205.c:297:6:is_XgyroStandby	24	static
../Core/Src/ITG3205.c:305:6:is_YgyroStandby	24	static
../Core/Src/ITG3205.c:312:6:is_ZgyroStandby	24	static
../Core/Src/ITG3205.c:320:6:Set_XgyroStandby	24	static
../Core/Src/ITG3205.c:327:6:Set_YgyroStandby	24	static
../Core/Src/ITG3205.c:334:6:Set_ZgyroStandby	24	static
../Core/Src/ITG3205.c:342:10:Get_ClockSource	24	static
../Core/Src/ITG3205.c:349:6:Set_Gyro_ClockSource	24	static
